<?xml version="1.0"?>
<link_info>
   <banner>TI ARM Linker PC v16.9.0.LTS</banner>
   <copyright>Copyright (c) 1996-2015 Texas Instruments Incorporated</copyright>
   <link_time>0x5896abf9</link_time>
   <link_errors>0x0</link_errors>
   <output_file>Project1_LAUNCHXL2_RM57L.out</output_file>
   <entry_point>
      <name>_c_int00</name>
      <address>0x9c6c</address>
   </entry_point>
   <input_file_list>
      <input_file id="fl-2">
         <path>.\demoapp\source\</path>
         <kind>object</kind>
         <file>adc_demos.obj</file>
         <name>adc_demos.obj</name>
      </input_file>
      <input_file id="fl-3">
         <path>.\demoapp\source\</path>
         <kind>object</kind>
         <file>app_main_NoOS.obj</file>
         <name>app_main_NoOS.obj</name>
      </input_file>
      <input_file id="fl-4">
         <path>.\demoapp\source\</path>
         <kind>object</kind>
         <file>esm_application_callback.obj</file>
         <name>esm_application_callback.obj</name>
      </input_file>
      <input_file id="fl-5">
         <path>.\demoapp\source\</path>
         <kind>object</kind>
         <file>misc.obj</file>
         <name>misc.obj</name>
      </input_file>
      <input_file id="fl-6">
         <path>.\demoapp\source\</path>
         <kind>object</kind>
         <file>support_functions.obj</file>
         <name>support_functions.obj</name>
      </input_file>
      <input_file id="fl-7">
         <path>.\hcg\source\</path>
         <kind>object</kind>
         <file>HL_adc.obj</file>
         <name>HL_adc.obj</name>
      </input_file>
      <input_file id="fl-8">
         <path>.\hcg\source\</path>
         <kind>object</kind>
         <file>HL_epc.obj</file>
         <name>HL_epc.obj</name>
      </input_file>
      <input_file id="fl-9">
         <path>.\hcg\source\</path>
         <kind>object</kind>
         <file>HL_errata.obj</file>
         <name>HL_errata.obj</name>
      </input_file>
      <input_file id="fl-a">
         <path>.\hcg\source\</path>
         <kind>object</kind>
         <file>HL_esm.obj</file>
         <name>HL_esm.obj</name>
      </input_file>
      <input_file id="fl-b">
         <path>.\hcg\source\</path>
         <kind>object</kind>
         <file>HL_gio.obj</file>
         <name>HL_gio.obj</name>
      </input_file>
      <input_file id="fl-c">
         <path>.\hcg\source\</path>
         <kind>object</kind>
         <file>HL_nmpu.obj</file>
         <name>HL_nmpu.obj</name>
      </input_file>
      <input_file id="fl-d">
         <path>.\hcg\source\</path>
         <kind>object</kind>
         <file>HL_notification.obj</file>
         <name>HL_notification.obj</name>
      </input_file>
      <input_file id="fl-e">
         <path>.\hcg\source\</path>
         <kind>object</kind>
         <file>HL_pinmux.obj</file>
         <name>HL_pinmux.obj</name>
      </input_file>
      <input_file id="fl-f">
         <path>.\hcg\source\</path>
         <kind>object</kind>
         <file>HL_rti.obj</file>
         <name>HL_rti.obj</name>
      </input_file>
      <input_file id="fl-10">
         <path>.\hcg\source\</path>
         <kind>object</kind>
         <file>HL_sci.obj</file>
         <name>HL_sci.obj</name>
      </input_file>
      <input_file id="fl-11">
         <path>.\hcg\source\</path>
         <kind>object</kind>
         <file>HL_sys_core.obj</file>
         <name>HL_sys_core.obj</name>
      </input_file>
      <input_file id="fl-12">
         <path>.\hcg\source\</path>
         <kind>object</kind>
         <file>HL_sys_dma.obj</file>
         <name>HL_sys_dma.obj</name>
      </input_file>
      <input_file id="fl-13">
         <path>.\hcg\source\</path>
         <kind>object</kind>
         <file>HL_sys_intvecs.obj</file>
         <name>HL_sys_intvecs.obj</name>
      </input_file>
      <input_file id="fl-14">
         <path>.\hcg\source\</path>
         <kind>object</kind>
         <file>HL_sys_mpu.obj</file>
         <name>HL_sys_mpu.obj</name>
      </input_file>
      <input_file id="fl-15">
         <path>.\hcg\source\</path>
         <kind>object</kind>
         <file>HL_sys_pcr.obj</file>
         <name>HL_sys_pcr.obj</name>
      </input_file>
      <input_file id="fl-16">
         <path>.\hcg\source\</path>
         <kind>object</kind>
         <file>HL_sys_phantom.obj</file>
         <name>HL_sys_phantom.obj</name>
      </input_file>
      <input_file id="fl-17">
         <path>.\hcg\source\</path>
         <kind>object</kind>
         <file>HL_sys_pmm.obj</file>
         <name>HL_sys_pmm.obj</name>
      </input_file>
      <input_file id="fl-18">
         <path>.\hcg\source\</path>
         <kind>object</kind>
         <file>HL_sys_pmu.obj</file>
         <name>HL_sys_pmu.obj</name>
      </input_file>
      <input_file id="fl-19">
         <path>.\hcg\source\</path>
         <kind>object</kind>
         <file>HL_sys_startup.obj</file>
         <name>HL_sys_startup.obj</name>
      </input_file>
      <input_file id="fl-1a">
         <path>.\hcg\source\</path>
         <kind>object</kind>
         <file>HL_sys_vim.obj</file>
         <name>HL_sys_vim.obj</name>
      </input_file>
      <input_file id="fl-1b">
         <path>.\hcg\source\</path>
         <kind>object</kind>
         <file>HL_system.obj</file>
         <name>HL_system.obj</name>
      </input_file>
      <input_file id="fl-21">
         <path>C:\ti\Hercules\SafeTI Diagnostic Library\2.2.0\libs\</path>
         <kind>archive</kind>
         <file>SafeTILib_RM57L_LE.lib</file>
         <name>sl_selftest.obj</name>
      </input_file>
      <input_file id="fl-22">
         <path>C:\ti\Hercules\SafeTI Diagnostic Library\2.2.0\libs\</path>
         <kind>archive</kind>
         <file>SafeTILib_RM57L_LE.lib</file>
         <name>sl_priv.obj</name>
      </input_file>
      <input_file id="fl-23">
         <path>C:\ti\Hercules\SafeTI Diagnostic Library\2.2.0\libs\</path>
         <kind>archive</kind>
         <file>SafeTILib_RM57L_LE.lib</file>
         <name>sl_log.obj</name>
      </input_file>
      <input_file id="fl-24">
         <path>C:\ti\Hercules\SafeTI Diagnostic Library\2.2.0\libs\</path>
         <kind>archive</kind>
         <file>SafeTILib_RM57L_LE.lib</file>
         <name>sl_init.obj</name>
      </input_file>
      <input_file id="fl-25">
         <path>C:\ti\Hercules\SafeTI Diagnostic Library\2.2.0\libs\</path>
         <kind>archive</kind>
         <file>SafeTILib_RM57L_LE.lib</file>
         <name>sl_esm.obj</name>
      </input_file>
      <input_file id="fl-26">
         <path>C:\ti\Hercules\SafeTI Diagnostic Library\2.2.0\libs\</path>
         <kind>archive</kind>
         <file>SafeTILib_RM57L_LE.lib</file>
         <name>sl_asm_api.obj</name>
      </input_file>
      <input_file id="fl-dc">
         <path>C:\ti\ccsv7\tools\compiler\ti-cgt-arm_16.9.0.LTS\lib\</path>
         <kind>archive</kind>
         <file>rtsv7R4_A_le_v3D16_eabi.lib</file>
         <name>autoinit.obj</name>
      </input_file>
      <input_file id="fl-dd">
         <path>C:\ti\ccsv7\tools\compiler\ti-cgt-arm_16.9.0.LTS\lib\</path>
         <kind>archive</kind>
         <file>rtsv7R4_A_le_v3D16_eabi.lib</file>
         <name>copy_decompress_lzss.obj</name>
      </input_file>
      <input_file id="fl-de">
         <path>C:\ti\ccsv7\tools\compiler\ti-cgt-arm_16.9.0.LTS\lib\</path>
         <kind>archive</kind>
         <file>rtsv7R4_A_le_v3D16_eabi.lib</file>
         <name>copy_decompress_none.obj</name>
      </input_file>
      <input_file id="fl-df">
         <path>C:\ti\ccsv7\tools\compiler\ti-cgt-arm_16.9.0.LTS\lib\</path>
         <kind>archive</kind>
         <file>rtsv7R4_A_le_v3D16_eabi.lib</file>
         <name>copy_zero_init.obj</name>
      </input_file>
      <input_file id="fl-e0">
         <path>C:\ti\ccsv7\tools\compiler\ti-cgt-arm_16.9.0.LTS\lib\</path>
         <kind>archive</kind>
         <file>rtsv7R4_A_le_v3D16_eabi.lib</file>
         <name>cpy_tbl.obj</name>
      </input_file>
      <input_file id="fl-e1">
         <path>C:\ti\ccsv7\tools\compiler\ti-cgt-arm_16.9.0.LTS\lib\</path>
         <kind>archive</kind>
         <file>rtsv7R4_A_le_v3D16_eabi.lib</file>
         <name>exit.obj</name>
      </input_file>
      <input_file id="fl-e2">
         <path>C:\ti\ccsv7\tools\compiler\ti-cgt-arm_16.9.0.LTS\lib\</path>
         <kind>archive</kind>
         <file>rtsv7R4_A_le_v3D16_eabi.lib</file>
         <name>memcpy32.obj</name>
      </input_file>
      <input_file id="fl-e3">
         <path>C:\ti\ccsv7\tools\compiler\ti-cgt-arm_16.9.0.LTS\lib\</path>
         <kind>archive</kind>
         <file>rtsv7R4_A_le_v3D16_eabi.lib</file>
         <name>memset32.obj</name>
      </input_file>
      <input_file id="fl-e4">
         <path>C:\ti\ccsv7\tools\compiler\ti-cgt-arm_16.9.0.LTS\lib\</path>
         <kind>archive</kind>
         <file>rtsv7R4_A_le_v3D16_eabi.lib</file>
         <name>sprintf.obj</name>
      </input_file>
      <input_file id="fl-e5">
         <path>C:\ti\ccsv7\tools\compiler\ti-cgt-arm_16.9.0.LTS\lib\</path>
         <kind>archive</kind>
         <file>rtsv7R4_A_le_v3D16_eabi.lib</file>
         <name>startup.obj</name>
      </input_file>
      <input_file id="fl-e6">
         <path>C:\ti\ccsv7\tools\compiler\ti-cgt-arm_16.9.0.LTS\lib\</path>
         <kind>archive</kind>
         <file>rtsv7R4_A_le_v3D16_eabi.lib</file>
         <name>strlen.obj</name>
      </input_file>
      <input_file id="fl-e7">
         <path>C:\ti\ccsv7\tools\compiler\ti-cgt-arm_16.9.0.LTS\lib\</path>
         <kind>archive</kind>
         <file>rtsv7R4_A_le_v3D16_eabi.lib</file>
         <name>_lock.obj</name>
      </input_file>
      <input_file id="fl-e8">
         <path>C:\ti\ccsv7\tools\compiler\ti-cgt-arm_16.9.0.LTS\lib\</path>
         <kind>archive</kind>
         <file>rtsv7R4_A_le_v3D16_eabi.lib</file>
         <name>_printfi.obj</name>
      </input_file>
      <input_file id="fl-e9">
         <path>C:\ti\ccsv7\tools\compiler\ti-cgt-arm_16.9.0.LTS\lib\</path>
         <kind>archive</kind>
         <file>rtsv7R4_A_le_v3D16_eabi.lib</file>
         <name>atoi.obj</name>
      </input_file>
      <input_file id="fl-ea">
         <path>C:\ti\ccsv7\tools\compiler\ti-cgt-arm_16.9.0.LTS\lib\</path>
         <kind>archive</kind>
         <file>rtsv7R4_A_le_v3D16_eabi.lib</file>
         <name>ctype.obj</name>
      </input_file>
      <input_file id="fl-eb">
         <path>C:\ti\ccsv7\tools\compiler\ti-cgt-arm_16.9.0.LTS\lib\</path>
         <kind>archive</kind>
         <file>rtsv7R4_A_le_v3D16_eabi.lib</file>
         <name>ltoa.obj</name>
      </input_file>
      <input_file id="fl-ec">
         <path>C:\ti\ccsv7\tools\compiler\ti-cgt-arm_16.9.0.LTS\lib\</path>
         <kind>archive</kind>
         <file>rtsv7R4_A_le_v3D16_eabi.lib</file>
         <name>memccpy.obj</name>
      </input_file>
      <input_file id="fl-ed">
         <path>C:\ti\ccsv7\tools\compiler\ti-cgt-arm_16.9.0.LTS\lib\</path>
         <kind>archive</kind>
         <file>rtsv7R4_A_le_v3D16_eabi.lib</file>
         <name>s_frexp.obj</name>
      </input_file>
      <input_file id="fl-ee">
         <path>C:\ti\ccsv7\tools\compiler\ti-cgt-arm_16.9.0.LTS\lib\</path>
         <kind>archive</kind>
         <file>rtsv7R4_A_le_v3D16_eabi.lib</file>
         <name>s_scalbn.obj</name>
      </input_file>
      <input_file id="fl-ef">
         <path>C:\ti\ccsv7\tools\compiler\ti-cgt-arm_16.9.0.LTS\lib\</path>
         <kind>archive</kind>
         <file>rtsv7R4_A_le_v3D16_eabi.lib</file>
         <name>strchr.obj</name>
      </input_file>
      <input_file id="fl-f0">
         <path>C:\ti\ccsv7\tools\compiler\ti-cgt-arm_16.9.0.LTS\lib\</path>
         <kind>archive</kind>
         <file>rtsv7R4_A_le_v3D16_eabi.lib</file>
         <name>u_div32.obj</name>
      </input_file>
      <input_file id="fl-f1">
         <path>C:\ti\ccsv7\tools\compiler\ti-cgt-arm_16.9.0.LTS\lib\</path>
         <kind>archive</kind>
         <file>rtsv7R4_A_le_v3D16_eabi.lib</file>
         <name>ull_div32.obj</name>
      </input_file>
      <input_file id="fl-f2">
         <path>C:\ti\ccsv7\tools\compiler\ti-cgt-arm_16.9.0.LTS\lib\</path>
         <kind>archive</kind>
         <file>rtsv7R4_A_le_v3D16_eabi.lib</file>
         <name>errno.obj</name>
      </input_file>
      <input_file id="fl-f3">
         <path>C:\ti\ccsv7\tools\compiler\ti-cgt-arm_16.9.0.LTS\lib\</path>
         <kind>archive</kind>
         <file>rtsv7R4_A_le_v3D16_eabi.lib</file>
         <name>i_div0.obj</name>
      </input_file>
      <input_file id="fl-f4">
         <path>C:\ti\ccsv7\tools\compiler\ti-cgt-arm_16.9.0.LTS\lib\</path>
         <kind>archive</kind>
         <file>rtsv7R4_A_le_v3D16_eabi.lib</file>
         <name>i_div32.obj</name>
      </input_file>
      <input_file id="fl-f5">
         <path>C:\ti\ccsv7\tools\compiler\ti-cgt-arm_16.9.0.LTS\lib\</path>
         <kind>archive</kind>
         <file>rtsv7R4_A_le_v3D16_eabi.lib</file>
         <name>s_copysign.obj</name>
      </input_file>
   </input_file_list>
   <object_component_list>
      <object_component id="oc-4e">
         <name>.intvecs</name>
         <load_address>0x0</load_address>
         <run_address>0x0</run_address>
         <size>0x20</size>
         <input_file_ref idref="fl-13"/>
      </object_component>
      <object_component id="oc-2d5">
         <name>.text</name>
         <load_address>0x348</load_address>
         <run_address>0x348</run_address>
         <size>0x1824</size>
         <input_file_ref idref="fl-e8"/>
      </object_component>
      <object_component id="oc-aa">
         <name>.text</name>
         <load_address>0x1b6c</load_address>
         <run_address>0x1b6c</run_address>
         <size>0x1810</size>
         <input_file_ref idref="fl-21"/>
      </object_component>
      <object_component id="oc-29c">
         <name>.text</name>
         <load_address>0x337c</load_address>
         <run_address>0x337c</run_address>
         <size>0xaf4</size>
         <input_file_ref idref="fl-7"/>
      </object_component>
      <object_component id="oc-278">
         <name>.text</name>
         <load_address>0x3e70</load_address>
         <run_address>0x3e70</run_address>
         <size>0x9b4</size>
         <input_file_ref idref="fl-e"/>
      </object_component>
      <object_component id="oc-119">
         <name>.text</name>
         <load_address>0x4824</load_address>
         <run_address>0x4824</run_address>
         <size>0x980</size>
         <input_file_ref idref="fl-1b"/>
      </object_component>
      <object_component id="oc-5a">
         <name>.text</name>
         <load_address>0x51a4</load_address>
         <run_address>0x51a4</run_address>
         <size>0x940</size>
         <input_file_ref idref="fl-1a"/>
      </object_component>
      <object_component id="oc-2a8">
         <name>.text</name>
         <load_address>0x5ae4</load_address>
         <run_address>0x5ae4</run_address>
         <size>0x818</size>
         <input_file_ref idref="fl-10"/>
      </object_component>
      <object_component id="oc-11f">
         <name>.text</name>
         <load_address>0x62fc</load_address>
         <run_address>0x62fc</run_address>
         <size>0x7d0</size>
         <input_file_ref idref="fl-a"/>
      </object_component>
      <object_component id="oc-136">
         <name>.text</name>
         <load_address>0x6acc</load_address>
         <run_address>0x6acc</run_address>
         <size>0x710</size>
         <input_file_ref idref="fl-3"/>
      </object_component>
      <object_component id="oc-2a2">
         <name>.text</name>
         <load_address>0x71dc</load_address>
         <run_address>0x71dc</run_address>
         <size>0x698</size>
         <input_file_ref idref="fl-f"/>
      </object_component>
      <object_component id="oc-149">
         <name>.text</name>
         <load_address>0x7874</load_address>
         <run_address>0x7874</run_address>
         <size>0x484</size>
         <input_file_ref idref="fl-b"/>
      </object_component>
      <object_component id="oc-94">
         <name>.text</name>
         <load_address>0x7cf8</load_address>
         <run_address>0x7cf8</run_address>
         <size>0x408</size>
         <input_file_ref idref="fl-11"/>
      </object_component>
      <object_component id="oc-b6">
         <name>.text</name>
         <load_address>0x8100</load_address>
         <run_address>0x8100</run_address>
         <size>0x3e0</size>
         <input_file_ref idref="fl-d"/>
      </object_component>
      <object_component id="oc-12b">
         <name>.text</name>
         <load_address>0x84e0</load_address>
         <run_address>0x84e0</run_address>
         <size>0x394</size>
         <input_file_ref idref="fl-14"/>
      </object_component>
      <object_component id="oc-67">
         <name>.text</name>
         <load_address>0x8874</load_address>
         <run_address>0x8874</run_address>
         <size>0x37c</size>
         <input_file_ref idref="fl-25"/>
      </object_component>
      <object_component id="oc-59">
         <name>.text:retain</name>
         <load_address>0x8bf0</load_address>
         <run_address>0x8bf0</run_address>
         <size>0x34c</size>
         <input_file_ref idref="fl-1a"/>
      </object_component>
      <object_component id="oc-125">
         <name>.text</name>
         <load_address>0x8f3c</load_address>
         <run_address>0x8f3c</run_address>
         <size>0x334</size>
         <input_file_ref idref="fl-8"/>
      </object_component>
      <object_component id="oc-37c">
         <name>.text</name>
         <load_address>0x9270</load_address>
         <run_address>0x9270</run_address>
         <size>0x2b8</size>
         <input_file_ref idref="fl-f1"/>
      </object_component>
      <object_component id="oc-3f">
         <name>.text:retain</name>
         <load_address>0x9528</load_address>
         <run_address>0x9528</run_address>
         <size>0x2b4</size>
         <input_file_ref idref="fl-a"/>
      </object_component>
      <object_component id="oc-15b">
         <name>.text</name>
         <load_address>0x97dc</load_address>
         <run_address>0x97dc</run_address>
         <size>0x290</size>
         <input_file_ref idref="fl-6"/>
      </object_component>
      <object_component id="oc-99">
         <name>.text</name>
         <load_address>0x9a6c</load_address>
         <run_address>0x9a6c</run_address>
         <size>0x200</size>
         <input_file_ref idref="fl-26"/>
      </object_component>
      <object_component id="oc-2c">
         <name>.text:retain</name>
         <load_address>0x9c6c</load_address>
         <run_address>0x9c6c</run_address>
         <size>0x1cc</size>
         <input_file_ref idref="fl-19"/>
      </object_component>
      <object_component id="oc-7c">
         <name>.text</name>
         <load_address>0x9e38</load_address>
         <run_address>0x9e38</run_address>
         <size>0x180</size>
         <input_file_ref idref="fl-e2"/>
      </object_component>
      <object_component id="oc-142">
         <name>.text</name>
         <load_address>0x9fb8</load_address>
         <run_address>0x9fb8</run_address>
         <size>0x14c</size>
         <input_file_ref idref="fl-4"/>
      </object_component>
      <object_component id="oc-9e">
         <name>.text</name>
         <load_address>0xa104</load_address>
         <run_address>0xa104</run_address>
         <size>0x138</size>
         <input_file_ref idref="fl-24"/>
      </object_component>
      <object_component id="oc-48">
         <name>.text:retain</name>
         <load_address>0xa23c</load_address>
         <run_address>0xa23c</run_address>
         <size>0x138</size>
         <input_file_ref idref="fl-f"/>
      </object_component>
      <object_component id="oc-65">
         <name>.text:retain</name>
         <load_address>0xa374</load_address>
         <run_address>0xa374</run_address>
         <size>0x134</size>
         <input_file_ref idref="fl-25"/>
      </object_component>
      <object_component id="oc-392">
         <name>.text</name>
         <load_address>0xa4a8</load_address>
         <run_address>0xa4a8</run_address>
         <size>0x11c</size>
         <input_file_ref idref="fl-ee"/>
      </object_component>
      <object_component id="oc-a4">
         <name>.text</name>
         <load_address>0xa5c4</load_address>
         <run_address>0xa5c4</run_address>
         <size>0x110</size>
         <input_file_ref idref="fl-22"/>
      </object_component>
      <object_component id="oc-88">
         <name>.text</name>
         <load_address>0xa6d4</load_address>
         <run_address>0xa6d4</run_address>
         <size>0xb0</size>
         <input_file_ref idref="fl-e3"/>
      </object_component>
      <object_component id="oc-b0">
         <name>.text</name>
         <load_address>0xa784</load_address>
         <run_address>0xa784</run_address>
         <size>0xa8</size>
         <input_file_ref idref="fl-19"/>
      </object_component>
      <object_component id="oc-130">
         <name>.text</name>
         <load_address>0xa82c</load_address>
         <run_address>0xa82c</run_address>
         <size>0xa8</size>
         <input_file_ref idref="fl-dc"/>
      </object_component>
      <object_component id="oc-14f">
         <name>.text</name>
         <load_address>0xa8d4</load_address>
         <run_address>0xa8d4</run_address>
         <size>0xa8</size>
         <input_file_ref idref="fl-e4"/>
      </object_component>
      <object_component id="oc-1a">
         <name>.text:decompress:lzss</name>
         <load_address>0xa97c</load_address>
         <run_address>0xa97c</run_address>
         <size>0x90</size>
         <input_file_ref idref="fl-dd"/>
      </object_component>
      <object_component id="oc-13c">
         <name>.text</name>
         <load_address>0xaa0c</load_address>
         <run_address>0xaa0c</run_address>
         <size>0x90</size>
         <input_file_ref idref="fl-e1"/>
      </object_component>
      <object_component id="oc-38c">
         <name>.text</name>
         <load_address>0xaa9c</load_address>
         <run_address>0xaa9c</run_address>
         <size>0x8c</size>
         <input_file_ref idref="fl-ed"/>
      </object_component>
      <object_component id="oc-39e">
         <name>.text</name>
         <load_address>0xab28</load_address>
         <run_address>0xab28</run_address>
         <size>0x84</size>
         <input_file_ref idref="fl-e9"/>
      </object_component>
      <object_component id="oc-28e">
         <name>.text</name>
         <load_address>0xabac</load_address>
         <run_address>0xabac</run_address>
         <size>0x84</size>
         <input_file_ref idref="fl-e0"/>
      </object_component>
      <object_component id="oc-386">
         <name>.text</name>
         <load_address>0xac30</load_address>
         <run_address>0xac30</run_address>
         <size>0x80</size>
         <input_file_ref idref="fl-eb"/>
      </object_component>
      <object_component id="oc-10e">
         <name>.text</name>
         <load_address>0xacb0</load_address>
         <run_address>0xacb0</run_address>
         <size>0x60</size>
         <input_file_ref idref="fl-23"/>
      </object_component>
      <object_component id="oc-3f2">
         <name>.text</name>
         <load_address>0xad10</load_address>
         <run_address>0xad10</run_address>
         <size>0x54</size>
         <input_file_ref idref="fl-f4"/>
      </object_component>
      <object_component id="oc-2ae">
         <name>.text</name>
         <load_address>0xad64</load_address>
         <run_address>0xad64</run_address>
         <size>0x50</size>
         <input_file_ref idref="fl-2"/>
      </object_component>
      <object_component id="oc-381">
         <name>.text</name>
         <load_address>0xadb4</load_address>
         <run_address>0xadb4</run_address>
         <size>0x50</size>
         <input_file_ref idref="fl-f0"/>
      </object_component>
      <object_component id="oc-3a4">
         <name>.text</name>
         <load_address>0xae04</load_address>
         <run_address>0xae04</run_address>
         <size>0x2c</size>
         <input_file_ref idref="fl-ec"/>
      </object_component>
      <object_component id="oc-398">
         <name>.text</name>
         <load_address>0xae30</load_address>
         <run_address>0xae30</run_address>
         <size>0x28</size>
         <input_file_ref idref="fl-ef"/>
      </object_component>
      <object_component id="oc-369">
         <name>.text</name>
         <load_address>0xae58</load_address>
         <run_address>0xae58</run_address>
         <size>0x24</size>
         <input_file_ref idref="fl-e7"/>
      </object_component>
      <object_component id="oc-400">
         <name>.text</name>
         <load_address>0xae7c</load_address>
         <run_address>0xae7c</run_address>
         <size>0x20</size>
         <input_file_ref idref="fl-f5"/>
      </object_component>
      <object_component id="oc-155">
         <name>.text</name>
         <load_address>0xae9c</load_address>
         <run_address>0xae9c</run_address>
         <size>0x20</size>
         <input_file_ref idref="fl-e6"/>
      </object_component>
      <object_component id="oc-20">
         <name>.text:decompress:none</name>
         <load_address>0xaebc</load_address>
         <run_address>0xaebc</run_address>
         <size>0x14</size>
         <input_file_ref idref="fl-de"/>
      </object_component>
      <object_component id="oc-26">
         <name>.text:decompress:ZI</name>
         <load_address>0xaed0</load_address>
         <run_address>0xaed0</run_address>
         <size>0x10</size>
         <input_file_ref idref="fl-df"/>
      </object_component>
      <object_component id="oc-53">
         <name>.text:retain</name>
         <load_address>0xaee0</load_address>
         <run_address>0xaee0</run_address>
         <size>0x4</size>
         <input_file_ref idref="fl-16"/>
      </object_component>
      <object_component id="oc-3eb">
         <name>.text</name>
         <load_address>0xaee4</load_address>
         <run_address>0xaee4</run_address>
         <size>0x4</size>
         <input_file_ref idref="fl-f3"/>
      </object_component>
      <object_component id="oc-294">
         <name>.text</name>
         <load_address>0xaee8</load_address>
         <run_address>0xaee8</run_address>
         <size>0x4</size>
         <input_file_ref idref="fl-e5"/>
      </object_component>
      <object_component id="oc-463">
         <name>.tramp.SL_SelfTest_Flash.1</name>
         <load_address>0xaeec</load_address>
         <run_address>0xaeec</run_address>
         <size>0x8</size>
         <input_file_ref idref="fl-21"/>
      </object_component>
      <object_component id="oc-45">
         <name>.const:s_vim_init</name>
         <load_address>0xaef8</load_address>
         <run_address>0xaef8</run_address>
         <size>0x200</size>
         <input_file_ref idref="fl-1a"/>
      </object_component>
      <object_component id="oc-40d">
         <name>.const:.string:_ctypes_</name>
         <load_address>0xb0f8</load_address>
         <run_address>0xb0f8</run_address>
         <size>0x101</size>
         <input_file_ref idref="fl-ea"/>
      </object_component>
      <object_component id="oc-33b">
         <name>.const:s_adcFiFoSize</name>
         <load_address>0xb1fc</load_address>
         <run_address>0xb1fc</run_address>
         <size>0x18</size>
         <input_file_ref idref="fl-7"/>
      </object_component>
      <object_component id="oc-33e">
         <name>.const:s_adcSelect</name>
         <load_address>0xb214</load_address>
         <run_address>0xb214</run_address>
         <size>0x18</size>
         <input_file_ref idref="fl-7"/>
      </object_component>
      <object_component id="oc-45c">
         <name>.cinit..data.load</name>
         <load_address>0xb230</load_address>
         <run_address>0xb230</run_address>
         <size>0x1d</size>
      </object_component>
      <object_component id="oc-45d">
         <name>.cinit.LOG_DATA.load</name>
         <load_address>0xb24d</load_address>
         <run_address>0xb24d</run_address>
         <size>0xf</size>
      </object_component>
      <object_component id="oc-459">
         <name>__TI_handler_table</name>
         <load_address>0xb25c</load_address>
         <run_address>0xb25c</run_address>
         <size>0xc</size>
      </object_component>
      <object_component id="oc-45b">
         <name>.cinit..bss.load</name>
         <load_address>0xb268</load_address>
         <run_address>0xb268</run_address>
         <size>0x8</size>
      </object_component>
      <object_component id="oc-45a">
         <name>__TI_cinit_table</name>
         <load_address>0xb270</load_address>
         <run_address>0xb270</run_address>
         <size>0x18</size>
      </object_component>
      <object_component id="oc-349">
         <name>.bss:g_sciTransfer_t</name>
         <uninitialized>true</uninitialized>
         <run_address>0x8001d14</run_address>
         <size>0x50</size>
         <input_file_ref idref="fl-10"/>
      </object_component>
      <object_component id="oc-2ba">
         <name>.common:rtiCOMPARE2_PER</name>
         <uninitialized>true</uninitialized>
         <run_address>0x8001d6c</run_address>
         <size>0x4</size>
      </object_component>
      <object_component id="oc-2bd">
         <name>.common:rtiCOMPARE1_PER_NEW</name>
         <uninitialized>true</uninitialized>
         <run_address>0x8001d68</run_address>
         <size>0x4</size>
      </object_component>
      <object_component id="oc-167">
         <name>.common:u8PotStringBuf</name>
         <uninitialized>true</uninitialized>
         <run_address>0x8001cb0</run_address>
         <size>0x64</size>
      </object_component>
      <object_component id="oc-bc">
         <name>.common:resetReason</name>
         <uninitialized>true</uninitialized>
         <run_address>0x8001d70</run_address>
         <size>0x1</size>
      </object_component>
      <object_component id="oc-e0">
         <name>.common:ESM_AppCallback</name>
         <uninitialized>true</uninitialized>
         <run_address>0x8001d64</run_address>
         <size>0x4</size>
      </object_component>
      <object_component id="oc-164">
         <name>.data</name>
         <load_address>0x8001de4</load_address>
         <run_address>0x8001de4</run_address>
         <size>0x12</size>
         <input_file_ref idref="fl-3"/>
      </object_component>
      <object_component id="oc-161">
         <name>.data</name>
         <load_address>0x8001dd0</load_address>
         <run_address>0x8001dd0</run_address>
         <size>0x14</size>
         <input_file_ref idref="fl-d"/>
      </object_component>
      <object_component id="oc-114">
         <name>.data</name>
         <load_address>0x8001db0</load_address>
         <run_address>0x8001db0</run_address>
         <size>0x20</size>
         <input_file_ref idref="fl-21"/>
      </object_component>
      <object_component id="oc-109">
         <name>.data:sl_priv_flag_set</name>
         <load_address>0x8001d80</load_address>
         <run_address>0x8001d80</run_address>
         <size>0x26</size>
         <input_file_ref idref="fl-22"/>
      </object_component>
      <object_component id="oc-dd">
         <name>.data</name>
         <load_address>0x8001e04</load_address>
         <run_address>0x8001e04</run_address>
         <size>0x4</size>
         <input_file_ref idref="fl-25"/>
      </object_component>
      <object_component id="oc-2c4">
         <name>.data:$O1$$</name>
         <load_address>0x8001df8</load_address>
         <run_address>0x8001df8</run_address>
         <size>0xc</size>
         <input_file_ref idref="fl-e1"/>
      </object_component>
      <object_component id="oc-2c7">
         <name>.data:$O1$$</name>
         <load_address>0x8001da8</load_address>
         <run_address>0x8001da8</run_address>
         <size>0x8</size>
         <input_file_ref idref="fl-e7"/>
      </object_component>
      <object_component id="oc-406">
         <name>.data</name>
         <load_address>0x8001e08</load_address>
         <run_address>0x8001e08</run_address>
         <size>0x4</size>
         <input_file_ref idref="fl-f2"/>
      </object_component>
      <object_component id="oc-267">
         <name>LOG_DATA:init</name>
         <load_address>0x8001ca8</load_address>
         <run_address>0x8001ca8</run_address>
         <size>0x8</size>
         <input_file_ref idref="fl-23"/>
      </object_component>
      <object_component id="oc-26a">
         <name>LOG_DATA:uninit</name>
         <load_address>0x8001b28</load_address>
         <run_address>0x8001b28</run_address>
         <size>0x180</size>
         <input_file_ref idref="fl-23"/>
      </object_component>
      <object_component id="oc-2b4">
         <name>.sl_stflash_SRAM</name>
         <load_address>0x20</load_address>
         <run_address>0x8001800</run_address>
         <size>0x300</size>
         <input_file_ref idref="fl-21"/>
      </object_component>
      <object_component id="oc-462">
         <name>.tramp.SL_FLAG_CLEAR.1</name>
         <load_address>0x320</load_address>
         <run_address>0x8001b00</run_address>
         <size>0x8</size>
         <input_file_ref idref="fl-22"/>
      </object_component>
      <object_component id="oc-461">
         <name>.tramp._SL_HoldNClear_nError.1</name>
         <load_address>0x328</load_address>
         <run_address>0x8001b08</run_address>
         <size>0x8</size>
         <input_file_ref idref="fl-22"/>
      </object_component>
      <object_component id="oc-460">
         <name>.tramp.SL_ESM_nERROR_Active.1</name>
         <load_address>0x330</load_address>
         <run_address>0x8001b10</run_address>
         <size>0x8</size>
         <input_file_ref idref="fl-25"/>
      </object_component>
      <object_component id="oc-45f">
         <name>.tramp._SL_Get_ARM_Mode.1</name>
         <load_address>0x338</load_address>
         <run_address>0x8001b18</run_address>
         <size>0x8</size>
         <input_file_ref idref="fl-26"/>
      </object_component>
      <object_component id="oc-45e">
         <name>.tramp.SL_Log_Error.1</name>
         <load_address>0x340</load_address>
         <run_address>0x8001b20</run_address>
         <size>0x8</size>
         <input_file_ref idref="fl-23"/>
      </object_component>
      <object_component id="oc-34f">
         <name>.debug_info</name>
         <load_address>0x0</load_address>
         <run_address>0x0</run_address>
         <size>0x1de</size>
         <input_file_ref idref="fl-2"/>
      </object_component>
      <object_component id="oc-2af">
         <name>.debug_info</name>
         <load_address>0x1de</load_address>
         <run_address>0x1de</run_address>
         <size>0x1e5</size>
         <input_file_ref idref="fl-2"/>
      </object_component>
      <object_component id="oc-2f6">
         <name>.debug_info</name>
         <load_address>0x3c3</load_address>
         <run_address>0x3c3</run_address>
         <size>0x791</size>
         <input_file_ref idref="fl-2"/>
      </object_component>
      <object_component id="oc-1ef">
         <name>.debug_info</name>
         <load_address>0xb54</load_address>
         <run_address>0xb54</run_address>
         <size>0x8b</size>
         <input_file_ref idref="fl-2"/>
      </object_component>
      <object_component id="oc-1f4">
         <name>.debug_info</name>
         <load_address>0xbdf</load_address>
         <run_address>0xbdf</run_address>
         <size>0x18b</size>
         <input_file_ref idref="fl-2"/>
      </object_component>
      <object_component id="oc-c6">
         <name>.debug_info</name>
         <load_address>0xd6a</load_address>
         <run_address>0xd6a</run_address>
         <size>0xae</size>
         <input_file_ref idref="fl-2"/>
      </object_component>
      <object_component id="oc-d7">
         <name>.debug_info</name>
         <load_address>0xe18</load_address>
         <run_address>0xe18</run_address>
         <size>0x86</size>
         <input_file_ref idref="fl-2"/>
      </object_component>
      <object_component id="oc-30d">
         <name>.debug_info</name>
         <load_address>0xe9e</load_address>
         <run_address>0xe9e</run_address>
         <size>0x38f</size>
         <input_file_ref idref="fl-2"/>
      </object_component>
      <object_component id="oc-2bb">
         <name>.debug_info</name>
         <load_address>0x122d</load_address>
         <run_address>0x122d</run_address>
         <size>0x6ff</size>
         <input_file_ref idref="fl-3"/>
      </object_component>
      <object_component id="oc-165">
         <name>.debug_info</name>
         <load_address>0x192c</load_address>
         <run_address>0x192c</run_address>
         <size>0x1c1</size>
         <input_file_ref idref="fl-3"/>
      </object_component>
      <object_component id="oc-137">
         <name>.debug_info</name>
         <load_address>0x1aed</load_address>
         <run_address>0x1aed</run_address>
         <size>0x460</size>
         <input_file_ref idref="fl-3"/>
      </object_component>
      <object_component id="oc-353">
         <name>.debug_info</name>
         <load_address>0x1f4d</load_address>
         <run_address>0x1f4d</run_address>
         <size>0x306</size>
         <input_file_ref idref="fl-3"/>
      </object_component>
      <object_component id="oc-358">
         <name>.debug_info</name>
         <load_address>0x2253</load_address>
         <run_address>0x2253</run_address>
         <size>0x791</size>
         <input_file_ref idref="fl-3"/>
      </object_component>
      <object_component id="oc-205">
         <name>.debug_info</name>
         <load_address>0x29e4</load_address>
         <run_address>0x29e4</run_address>
         <size>0x306</size>
         <input_file_ref idref="fl-3"/>
      </object_component>
      <object_component id="oc-20a">
         <name>.debug_info</name>
         <load_address>0x2cea</load_address>
         <run_address>0x2cea</run_address>
         <size>0x532</size>
         <input_file_ref idref="fl-3"/>
      </object_component>
      <object_component id="oc-2bf">
         <name>.debug_info</name>
         <load_address>0x321c</load_address>
         <run_address>0x321c</run_address>
         <size>0x7d0</size>
         <input_file_ref idref="fl-3"/>
      </object_component>
      <object_component id="oc-26e">
         <name>.debug_info</name>
         <load_address>0x39ec</load_address>
         <run_address>0x39ec</run_address>
         <size>0x1f2</size>
         <input_file_ref idref="fl-3"/>
      </object_component>
      <object_component id="oc-20f">
         <name>.debug_info</name>
         <load_address>0x3bde</load_address>
         <run_address>0x3bde</run_address>
         <size>0x15f</size>
         <input_file_ref idref="fl-3"/>
      </object_component>
      <object_component id="oc-2ce">
         <name>.debug_info</name>
         <load_address>0x3d3d</load_address>
         <run_address>0x3d3d</run_address>
         <size>0xae</size>
         <input_file_ref idref="fl-3"/>
      </object_component>
      <object_component id="oc-2ea">
         <name>.debug_info</name>
         <load_address>0x3deb</load_address>
         <run_address>0x3deb</run_address>
         <size>0x4c</size>
         <input_file_ref idref="fl-3"/>
      </object_component>
      <object_component id="oc-214">
         <name>.debug_info</name>
         <load_address>0x3e37</load_address>
         <run_address>0x3e37</run_address>
         <size>0x102</size>
         <input_file_ref idref="fl-3"/>
      </object_component>
      <object_component id="oc-35d">
         <name>.debug_info</name>
         <load_address>0x3f39</load_address>
         <run_address>0x3f39</run_address>
         <size>0x1f9</size>
         <input_file_ref idref="fl-3"/>
      </object_component>
      <object_component id="oc-219">
         <name>.debug_info</name>
         <load_address>0x4132</load_address>
         <run_address>0x4132</run_address>
         <size>0x222</size>
         <input_file_ref idref="fl-3"/>
      </object_component>
      <object_component id="oc-362">
         <name>.debug_info</name>
         <load_address>0x4354</load_address>
         <run_address>0x4354</run_address>
         <size>0x243</size>
         <input_file_ref idref="fl-3"/>
      </object_component>
      <object_component id="oc-21e">
         <name>.debug_info</name>
         <load_address>0x4597</load_address>
         <run_address>0x4597</run_address>
         <size>0x49b</size>
         <input_file_ref idref="fl-3"/>
      </object_component>
      <object_component id="oc-223">
         <name>.debug_info</name>
         <load_address>0x4a32</load_address>
         <run_address>0x4a32</run_address>
         <size>0xa26</size>
         <input_file_ref idref="fl-3"/>
      </object_component>
      <object_component id="oc-228">
         <name>.debug_info</name>
         <load_address>0x5458</load_address>
         <run_address>0x5458</run_address>
         <size>0x1ca</size>
         <input_file_ref idref="fl-3"/>
      </object_component>
      <object_component id="oc-22d">
         <name>.debug_info</name>
         <load_address>0x5622</load_address>
         <run_address>0x5622</run_address>
         <size>0x142</size>
         <input_file_ref idref="fl-3"/>
      </object_component>
      <object_component id="oc-232">
         <name>.debug_info</name>
         <load_address>0x5764</load_address>
         <run_address>0x5764</run_address>
         <size>0x285</size>
         <input_file_ref idref="fl-3"/>
      </object_component>
      <object_component id="oc-237">
         <name>.debug_info</name>
         <load_address>0x59e9</load_address>
         <run_address>0x59e9</run_address>
         <size>0x3f6</size>
         <input_file_ref idref="fl-3"/>
      </object_component>
      <object_component id="oc-23c">
         <name>.debug_info</name>
         <load_address>0x5ddf</load_address>
         <run_address>0x5ddf</run_address>
         <size>0x1d1</size>
         <input_file_ref idref="fl-3"/>
      </object_component>
      <object_component id="oc-241">
         <name>.debug_info</name>
         <load_address>0x5fb0</load_address>
         <run_address>0x5fb0</run_address>
         <size>0x152</size>
         <input_file_ref idref="fl-3"/>
      </object_component>
      <object_component id="oc-246">
         <name>.debug_info</name>
         <load_address>0x6102</load_address>
         <run_address>0x6102</run_address>
         <size>0x1de</size>
         <input_file_ref idref="fl-3"/>
      </object_component>
      <object_component id="oc-24b">
         <name>.debug_info</name>
         <load_address>0x62e0</load_address>
         <run_address>0x62e0</run_address>
         <size>0x1b6</size>
         <input_file_ref idref="fl-3"/>
      </object_component>
      <object_component id="oc-255">
         <name>.debug_info</name>
         <load_address>0x6496</load_address>
         <run_address>0x6496</run_address>
         <size>0x36d</size>
         <input_file_ref idref="fl-3"/>
      </object_component>
      <object_component id="oc-1db">
         <name>.debug_info</name>
         <load_address>0x6803</load_address>
         <run_address>0x6803</run_address>
         <size>0x4f</size>
         <input_file_ref idref="fl-3"/>
      </object_component>
      <object_component id="oc-143">
         <name>.debug_info</name>
         <load_address>0x6852</load_address>
         <run_address>0x6852</run_address>
         <size>0x29a</size>
         <input_file_ref idref="fl-4"/>
      </object_component>
      <object_component id="oc-2e5">
         <name>.debug_info</name>
         <load_address>0x6aec</load_address>
         <run_address>0x6aec</run_address>
         <size>0x163</size>
         <input_file_ref idref="fl-6"/>
      </object_component>
      <object_component id="oc-15d">
         <name>.debug_info</name>
         <load_address>0x6c4f</load_address>
         <run_address>0x6c4f</run_address>
         <size>0x572</size>
         <input_file_ref idref="fl-6"/>
      </object_component>
      <object_component id="oc-19f">
         <name>.debug_info</name>
         <load_address>0x71c1</load_address>
         <run_address>0x71c1</run_address>
         <size>0x1f9</size>
         <input_file_ref idref="fl-6"/>
      </object_component>
      <object_component id="oc-300">
         <name>.debug_info</name>
         <load_address>0x73ba</load_address>
         <run_address>0x73ba</run_address>
         <size>0x243</size>
         <input_file_ref idref="fl-6"/>
      </object_component>
      <object_component id="oc-3e0">
         <name>.debug_info</name>
         <load_address>0x75fd</load_address>
         <run_address>0x75fd</run_address>
         <size>0x18e</size>
         <input_file_ref idref="fl-6"/>
      </object_component>
      <object_component id="oc-200">
         <name>.debug_info</name>
         <load_address>0x778b</load_address>
         <run_address>0x778b</run_address>
         <size>0x179</size>
         <input_file_ref idref="fl-7"/>
      </object_component>
      <object_component id="oc-33f">
         <name>.debug_info</name>
         <load_address>0x7904</load_address>
         <run_address>0x7904</run_address>
         <size>0xe4</size>
         <input_file_ref idref="fl-7"/>
      </object_component>
      <object_component id="oc-33c">
         <name>.debug_info</name>
         <load_address>0x79e8</load_address>
         <run_address>0x79e8</run_address>
         <size>0xe9</size>
         <input_file_ref idref="fl-7"/>
      </object_component>
      <object_component id="oc-29f">
         <name>.debug_info</name>
         <load_address>0x7ad1</load_address>
         <run_address>0x7ad1</run_address>
         <size>0xc09</size>
         <input_file_ref idref="fl-7"/>
      </object_component>
      <object_component id="oc-d2">
         <name>.debug_info</name>
         <load_address>0x86da</load_address>
         <run_address>0x86da</run_address>
         <size>0x18c</size>
         <input_file_ref idref="fl-7"/>
      </object_component>
      <object_component id="oc-1ea">
         <name>.debug_info</name>
         <load_address>0x8866</load_address>
         <run_address>0x8866</run_address>
         <size>0x36d</size>
         <input_file_ref idref="fl-7"/>
      </object_component>
      <object_component id="oc-30a">
         <name>.debug_info</name>
         <load_address>0x8bd3</load_address>
         <run_address>0x8bd3</run_address>
         <size>0x1da</size>
         <input_file_ref idref="fl-8"/>
      </object_component>
      <object_component id="oc-126">
         <name>.debug_info</name>
         <load_address>0x8dad</load_address>
         <run_address>0x8dad</run_address>
         <size>0x797</size>
         <input_file_ref idref="fl-8"/>
      </object_component>
      <object_component id="oc-27f">
         <name>.debug_info</name>
         <load_address>0x9544</load_address>
         <run_address>0x9544</run_address>
         <size>0x432</size>
         <input_file_ref idref="fl-8"/>
      </object_component>
      <object_component id="oc-18b">
         <name>.debug_info</name>
         <load_address>0x9976</load_address>
         <run_address>0x9976</run_address>
         <size>0x102</size>
         <input_file_ref idref="fl-8"/>
      </object_component>
      <object_component id="oc-190">
         <name>.debug_info</name>
         <load_address>0x9a78</load_address>
         <run_address>0x9a78</run_address>
         <size>0x142</size>
         <input_file_ref idref="fl-8"/>
      </object_component>
      <object_component id="oc-195">
         <name>.debug_info</name>
         <load_address>0x9bba</load_address>
         <run_address>0x9bba</run_address>
         <size>0x285</size>
         <input_file_ref idref="fl-8"/>
      </object_component>
      <object_component id="oc-19a">
         <name>.debug_info</name>
         <load_address>0x9e3f</load_address>
         <run_address>0x9e3f</run_address>
         <size>0x44a</size>
         <input_file_ref idref="fl-8"/>
      </object_component>
      <object_component id="oc-1a4">
         <name>.debug_info</name>
         <load_address>0xa289</load_address>
         <run_address>0xa289</run_address>
         <size>0x152</size>
         <input_file_ref idref="fl-8"/>
      </object_component>
      <object_component id="oc-1e5">
         <name>.debug_info</name>
         <load_address>0xa3db</load_address>
         <run_address>0xa3db</run_address>
         <size>0x70a</size>
         <input_file_ref idref="fl-8"/>
      </object_component>
      <object_component id="oc-28b">
         <name>.debug_info</name>
         <load_address>0xaae5</load_address>
         <run_address>0xaae5</run_address>
         <size>0x198</size>
         <input_file_ref idref="fl-a"/>
      </object_component>
      <object_component id="oc-120">
         <name>.debug_info</name>
         <load_address>0xac7d</load_address>
         <run_address>0xac7d</run_address>
         <size>0x1187</size>
         <input_file_ref idref="fl-a"/>
      </object_component>
      <object_component id="oc-40">
         <name>.debug_info</name>
         <load_address>0xbe04</load_address>
         <run_address>0xbe04</run_address>
         <size>0x28a</size>
         <input_file_ref idref="fl-a"/>
      </object_component>
      <object_component id="oc-286">
         <name>.debug_info</name>
         <load_address>0xc08e</load_address>
         <run_address>0xc08e</run_address>
         <size>0x168</size>
         <input_file_ref idref="fl-a"/>
      </object_component>
      <object_component id="oc-2d4">
         <name>.debug_info</name>
         <load_address>0xc1f6</load_address>
         <run_address>0xc1f6</run_address>
         <size>0xfd</size>
         <input_file_ref idref="fl-b"/>
      </object_component>
      <object_component id="oc-14a">
         <name>.debug_info</name>
         <load_address>0xc2f3</load_address>
         <run_address>0xc2f3</run_address>
         <size>0x76e</size>
         <input_file_ref idref="fl-b"/>
      </object_component>
      <object_component id="oc-377">
         <name>.debug_info</name>
         <load_address>0xca61</load_address>
         <run_address>0xca61</run_address>
         <size>0x12a</size>
         <input_file_ref idref="fl-b"/>
      </object_component>
      <object_component id="oc-168">
         <name>.debug_info</name>
         <load_address>0xcb8b</load_address>
         <run_address>0xcb8b</run_address>
         <size>0x3f2</size>
         <input_file_ref idref="fl-d"/>
      </object_component>
      <object_component id="oc-162">
         <name>.debug_info</name>
         <load_address>0xcf7d</load_address>
         <run_address>0xcf7d</run_address>
         <size>0x289</size>
         <input_file_ref idref="fl-d"/>
      </object_component>
      <object_component id="oc-b7">
         <name>.debug_info</name>
         <load_address>0xd206</load_address>
         <run_address>0xd206</run_address>
         <size>0x95b</size>
         <input_file_ref idref="fl-d"/>
      </object_component>
      <object_component id="oc-2f1">
         <name>.debug_info</name>
         <load_address>0xdb61</load_address>
         <run_address>0xdb61</run_address>
         <size>0x306</size>
         <input_file_ref idref="fl-d"/>
      </object_component>
      <object_component id="oc-2fb">
         <name>.debug_info</name>
         <load_address>0xde67</load_address>
         <run_address>0xde67</run_address>
         <size>0xadd</size>
         <input_file_ref idref="fl-d"/>
      </object_component>
      <object_component id="oc-305">
         <name>.debug_info</name>
         <load_address>0xe944</load_address>
         <run_address>0xe944</run_address>
         <size>0xc8</size>
         <input_file_ref idref="fl-d"/>
      </object_component>
      <object_component id="oc-2dd">
         <name>.debug_info</name>
         <load_address>0xea0c</load_address>
         <run_address>0xea0c</run_address>
         <size>0x4e</size>
         <input_file_ref idref="fl-d"/>
      </object_component>
      <object_component id="oc-16b">
         <name>.debug_info</name>
         <load_address>0xea5a</load_address>
         <run_address>0xea5a</run_address>
         <size>0x6eb</size>
         <input_file_ref idref="fl-d"/>
      </object_component>
      <object_component id="oc-344">
         <name>.debug_info</name>
         <load_address>0xf145</load_address>
         <run_address>0xf145</run_address>
         <size>0x1d4</size>
         <input_file_ref idref="fl-d"/>
      </object_component>
      <object_component id="oc-3c4">
         <name>.debug_info</name>
         <load_address>0xf319</load_address>
         <run_address>0xf319</run_address>
         <size>0x10d</size>
         <input_file_ref idref="fl-e"/>
      </object_component>
      <object_component id="oc-279">
         <name>.debug_info</name>
         <load_address>0xf426</load_address>
         <run_address>0xf426</run_address>
         <size>0x12b</size>
         <input_file_ref idref="fl-e"/>
      </object_component>
      <object_component id="oc-325">
         <name>.debug_info</name>
         <load_address>0xf551</load_address>
         <run_address>0xf551</run_address>
         <size>0x199</size>
         <input_file_ref idref="fl-e"/>
      </object_component>
      <object_component id="oc-343">
         <name>.debug_info</name>
         <load_address>0xf6ea</load_address>
         <run_address>0xf6ea</run_address>
         <size>0x158</size>
         <input_file_ref idref="fl-f"/>
      </object_component>
      <object_component id="oc-2a4">
         <name>.debug_info</name>
         <load_address>0xf842</load_address>
         <run_address>0xf842</run_address>
         <size>0x117d</size>
         <input_file_ref idref="fl-f"/>
      </object_component>
      <object_component id="oc-4a">
         <name>.debug_info</name>
         <load_address>0x109bf</load_address>
         <run_address>0x109bf</run_address>
         <size>0x302</size>
         <input_file_ref idref="fl-f"/>
      </object_component>
      <object_component id="oc-34d">
         <name>.debug_info</name>
         <load_address>0x10cc1</load_address>
         <run_address>0x10cc1</run_address>
         <size>0x129</size>
         <input_file_ref idref="fl-10"/>
      </object_component>
      <object_component id="oc-34a">
         <name>.debug_info</name>
         <load_address>0x10dea</load_address>
         <run_address>0x10dea</run_address>
         <size>0xec</size>
         <input_file_ref idref="fl-10"/>
      </object_component>
      <object_component id="oc-2a9">
         <name>.debug_info</name>
         <load_address>0x10ed6</load_address>
         <run_address>0x10ed6</run_address>
         <size>0xc03</size>
         <input_file_ref idref="fl-10"/>
      </object_component>
      <object_component id="oc-3db">
         <name>.debug_info</name>
         <load_address>0x11ad9</load_address>
         <run_address>0x11ad9</run_address>
         <size>0x91</size>
         <input_file_ref idref="fl-10"/>
      </object_component>
      <object_component id="oc-95">
         <name>.debug_info</name>
         <load_address>0x11b6a</load_address>
         <run_address>0x11b6a</run_address>
         <size>0x891</size>
         <input_file_ref idref="fl-11"/>
      </object_component>
      <object_component id="oc-51">
         <name>.debug_info</name>
         <load_address>0x123fb</load_address>
         <run_address>0x123fb</run_address>
         <size>0x113</size>
         <input_file_ref idref="fl-13"/>
      </object_component>
      <object_component id="oc-12c">
         <name>.debug_info</name>
         <load_address>0x1250e</load_address>
         <run_address>0x1250e</run_address>
         <size>0x482</size>
         <input_file_ref idref="fl-14"/>
      </object_component>
      <object_component id="oc-3c3">
         <name>.debug_info</name>
         <load_address>0x12990</load_address>
         <run_address>0x12990</run_address>
         <size>0x14e</size>
         <input_file_ref idref="fl-15"/>
      </object_component>
      <object_component id="oc-320">
         <name>.debug_info</name>
         <load_address>0x12ade</load_address>
         <run_address>0x12ade</run_address>
         <size>0x457</size>
         <input_file_ref idref="fl-15"/>
      </object_component>
      <object_component id="oc-54">
         <name>.debug_info</name>
         <load_address>0x12f35</load_address>
         <run_address>0x12f35</run_address>
         <size>0x14c</size>
         <input_file_ref idref="fl-16"/>
      </object_component>
      <object_component id="oc-bd">
         <name>.debug_info</name>
         <load_address>0x13081</load_address>
         <run_address>0x13081</run_address>
         <size>0x76e</size>
         <input_file_ref idref="fl-19"/>
      </object_component>
      <object_component id="oc-2d">
         <name>.debug_info</name>
         <load_address>0x137ef</load_address>
         <run_address>0x137ef</run_address>
         <size>0x282</size>
         <input_file_ref idref="fl-19"/>
      </object_component>
      <object_component id="oc-b1">
         <name>.debug_info</name>
         <load_address>0x13a71</load_address>
         <run_address>0x13a71</run_address>
         <size>0x234</size>
         <input_file_ref idref="fl-19"/>
      </object_component>
      <object_component id="oc-172">
         <name>.debug_info</name>
         <load_address>0x13ca5</load_address>
         <run_address>0x13ca5</run_address>
         <size>0x547</size>
         <input_file_ref idref="fl-19"/>
      </object_component>
      <object_component id="oc-177">
         <name>.debug_info</name>
         <load_address>0x141ec</load_address>
         <run_address>0x141ec</run_address>
         <size>0x306</size>
         <input_file_ref idref="fl-19"/>
      </object_component>
      <object_component id="oc-17c">
         <name>.debug_info</name>
         <load_address>0x144f2</load_address>
         <run_address>0x144f2</run_address>
         <size>0x532</size>
         <input_file_ref idref="fl-19"/>
      </object_component>
      <object_component id="oc-c0">
         <name>.debug_info</name>
         <load_address>0x14a24</load_address>
         <run_address>0x14a24</run_address>
         <size>0x7d0</size>
         <input_file_ref idref="fl-19"/>
      </object_component>
      <object_component id="oc-181">
         <name>.debug_info</name>
         <load_address>0x151f4</load_address>
         <run_address>0x151f4</run_address>
         <size>0x15f</size>
         <input_file_ref idref="fl-19"/>
      </object_component>
      <object_component id="oc-186">
         <name>.debug_info</name>
         <load_address>0x15353</load_address>
         <run_address>0x15353</run_address>
         <size>0x102</size>
         <input_file_ref idref="fl-19"/>
      </object_component>
      <object_component id="oc-1a9">
         <name>.debug_info</name>
         <load_address>0x15455</load_address>
         <run_address>0x15455</run_address>
         <size>0x222</size>
         <input_file_ref idref="fl-19"/>
      </object_component>
      <object_component id="oc-1ae">
         <name>.debug_info</name>
         <load_address>0x15677</load_address>
         <run_address>0x15677</run_address>
         <size>0x49b</size>
         <input_file_ref idref="fl-19"/>
      </object_component>
      <object_component id="oc-1b3">
         <name>.debug_info</name>
         <load_address>0x15b12</load_address>
         <run_address>0x15b12</run_address>
         <size>0xa26</size>
         <input_file_ref idref="fl-19"/>
      </object_component>
      <object_component id="oc-1b8">
         <name>.debug_info</name>
         <load_address>0x16538</load_address>
         <run_address>0x16538</run_address>
         <size>0x1ca</size>
         <input_file_ref idref="fl-19"/>
      </object_component>
      <object_component id="oc-1bd">
         <name>.debug_info</name>
         <load_address>0x16702</load_address>
         <run_address>0x16702</run_address>
         <size>0x285</size>
         <input_file_ref idref="fl-19"/>
      </object_component>
      <object_component id="oc-1c2">
         <name>.debug_info</name>
         <load_address>0x16987</load_address>
         <run_address>0x16987</run_address>
         <size>0x3f6</size>
         <input_file_ref idref="fl-19"/>
      </object_component>
      <object_component id="oc-1c7">
         <name>.debug_info</name>
         <load_address>0x16d7d</load_address>
         <run_address>0x16d7d</run_address>
         <size>0x1d1</size>
         <input_file_ref idref="fl-19"/>
      </object_component>
      <object_component id="oc-1cc">
         <name>.debug_info</name>
         <load_address>0x16f4e</load_address>
         <run_address>0x16f4e</run_address>
         <size>0x1de</size>
         <input_file_ref idref="fl-19"/>
      </object_component>
      <object_component id="oc-1d1">
         <name>.debug_info</name>
         <load_address>0x1712c</load_address>
         <run_address>0x1712c</run_address>
         <size>0x1b6</size>
         <input_file_ref idref="fl-19"/>
      </object_component>
      <object_component id="oc-1d6">
         <name>.debug_info</name>
         <load_address>0x172e2</load_address>
         <run_address>0x172e2</run_address>
         <size>0x36d</size>
         <input_file_ref idref="fl-19"/>
      </object_component>
      <object_component id="oc-1e0">
         <name>.debug_info</name>
         <load_address>0x1764f</load_address>
         <run_address>0x1764f</run_address>
         <size>0x1b6</size>
         <input_file_ref idref="fl-19"/>
      </object_component>
      <object_component id="oc-cd">
         <name>.debug_info</name>
         <load_address>0x17805</load_address>
         <run_address>0x17805</run_address>
         <size>0x381</size>
         <input_file_ref idref="fl-1a"/>
      </object_component>
      <object_component id="oc-46">
         <name>.debug_info</name>
         <load_address>0x17b86</load_address>
         <run_address>0x17b86</run_address>
         <size>0xe6</size>
         <input_file_ref idref="fl-1a"/>
      </object_component>
      <object_component id="oc-5b">
         <name>.debug_info</name>
         <load_address>0x17c6c</load_address>
         <run_address>0x17c6c</run_address>
         <size>0x4be</size>
         <input_file_ref idref="fl-1a"/>
      </object_component>
      <object_component id="oc-60">
         <name>.debug_info</name>
         <load_address>0x1812a</load_address>
         <run_address>0x1812a</run_address>
         <size>0x209</size>
         <input_file_ref idref="fl-1a"/>
      </object_component>
      <object_component id="oc-1fb">
         <name>.debug_info</name>
         <load_address>0x18333</load_address>
         <run_address>0x18333</run_address>
         <size>0x4f</size>
         <input_file_ref idref="fl-1a"/>
      </object_component>
      <object_component id="oc-284">
         <name>.debug_info</name>
         <load_address>0x18382</load_address>
         <run_address>0x18382</run_address>
         <size>0x24b</size>
         <input_file_ref idref="fl-1b"/>
      </object_component>
      <object_component id="oc-11a">
         <name>.debug_info</name>
         <load_address>0x185cd</load_address>
         <run_address>0x185cd</run_address>
         <size>0x5de</size>
         <input_file_ref idref="fl-1b"/>
      </object_component>
      <object_component id="oc-118">
         <name>.debug_info</name>
         <load_address>0x18bab</load_address>
         <run_address>0x18bab</run_address>
         <size>0x570</size>
         <input_file_ref idref="fl-21"/>
      </object_component>
      <object_component id="oc-115">
         <name>.debug_info</name>
         <load_address>0x1911b</load_address>
         <run_address>0x1911b</run_address>
         <size>0x13e</size>
         <input_file_ref idref="fl-21"/>
      </object_component>
      <object_component id="oc-ac">
         <name>.debug_info</name>
         <load_address>0x19259</load_address>
         <run_address>0x19259</run_address>
         <size>0x2098</size>
         <input_file_ref idref="fl-21"/>
      </object_component>
      <object_component id="oc-2b6">
         <name>.debug_info</name>
         <load_address>0x1b2f1</load_address>
         <run_address>0x1b2f1</run_address>
         <size>0x4b6</size>
         <input_file_ref idref="fl-21"/>
      </object_component>
      <object_component id="oc-e4">
         <name>.debug_info</name>
         <load_address>0x1b7a7</load_address>
         <run_address>0x1b7a7</run_address>
         <size>0x7d0</size>
         <input_file_ref idref="fl-21"/>
      </object_component>
      <object_component id="oc-77">
         <name>.debug_info</name>
         <load_address>0x1bf77</load_address>
         <run_address>0x1bf77</run_address>
         <size>0x84</size>
         <input_file_ref idref="fl-21"/>
      </object_component>
      <object_component id="oc-e9">
         <name>.debug_info</name>
         <load_address>0x1bffb</load_address>
         <run_address>0x1bffb</run_address>
         <size>0xae</size>
         <input_file_ref idref="fl-21"/>
      </object_component>
      <object_component id="oc-25a">
         <name>.debug_info</name>
         <load_address>0x1c0a9</load_address>
         <run_address>0x1c0a9</run_address>
         <size>0x2c</size>
         <input_file_ref idref="fl-21"/>
      </object_component>
      <object_component id="oc-250">
         <name>.debug_info</name>
         <load_address>0x1c0d5</load_address>
         <run_address>0x1c0d5</run_address>
         <size>0x6f7</size>
         <input_file_ref idref="fl-21"/>
      </object_component>
      <object_component id="oc-10d">
         <name>.debug_info</name>
         <load_address>0x1c7cc</load_address>
         <run_address>0x1c7cc</run_address>
         <size>0x376</size>
         <input_file_ref idref="fl-22"/>
      </object_component>
      <object_component id="oc-10a">
         <name>.debug_info</name>
         <load_address>0x1cb42</load_address>
         <run_address>0x1cb42</run_address>
         <size>0x13c</size>
         <input_file_ref idref="fl-22"/>
      </object_component>
      <object_component id="oc-a6">
         <name>.debug_info</name>
         <load_address>0x1cc7e</load_address>
         <run_address>0x1cc7e</run_address>
         <size>0x814</size>
         <input_file_ref idref="fl-22"/>
      </object_component>
      <object_component id="oc-273">
         <name>.debug_info</name>
         <load_address>0x1d492</load_address>
         <run_address>0x1d492</run_address>
         <size>0x30e</size>
         <input_file_ref idref="fl-23"/>
      </object_component>
      <object_component id="oc-268">
         <name>.debug_info</name>
         <load_address>0x1d7a0</load_address>
         <run_address>0x1d7a0</run_address>
         <size>0x178</size>
         <input_file_ref idref="fl-23"/>
      </object_component>
      <object_component id="oc-26b">
         <name>.debug_info</name>
         <load_address>0x1d918</load_address>
         <run_address>0x1d918</run_address>
         <size>0x144</size>
         <input_file_ref idref="fl-23"/>
      </object_component>
      <object_component id="oc-110">
         <name>.debug_info</name>
         <load_address>0x1da5c</load_address>
         <run_address>0x1da5c</run_address>
         <size>0x262</size>
         <input_file_ref idref="fl-23"/>
      </object_component>
      <object_component id="oc-318">
         <name>.debug_info</name>
         <load_address>0x1dcbe</load_address>
         <run_address>0x1dcbe</run_address>
         <size>0xe1</size>
         <input_file_ref idref="fl-23"/>
      </object_component>
      <object_component id="oc-108">
         <name>.debug_info</name>
         <load_address>0x1dd9f</load_address>
         <run_address>0x1dd9f</run_address>
         <size>0x38b</size>
         <input_file_ref idref="fl-24"/>
      </object_component>
      <object_component id="oc-a1">
         <name>.debug_info</name>
         <load_address>0x1e12a</load_address>
         <run_address>0x1e12a</run_address>
         <size>0x6de</size>
         <input_file_ref idref="fl-24"/>
      </object_component>
      <object_component id="oc-e1">
         <name>.debug_info</name>
         <load_address>0x1e808</load_address>
         <run_address>0x1e808</run_address>
         <size>0x39f</size>
         <input_file_ref idref="fl-25"/>
      </object_component>
      <object_component id="oc-de">
         <name>.debug_info</name>
         <load_address>0x1eba7</load_address>
         <run_address>0x1eba7</run_address>
         <size>0x140</size>
         <input_file_ref idref="fl-25"/>
      </object_component>
      <object_component id="oc-69">
         <name>.debug_info</name>
         <load_address>0x1ece7</load_address>
         <run_address>0x1ece7</run_address>
         <size>0x6fb</size>
         <input_file_ref idref="fl-25"/>
      </object_component>
      <object_component id="oc-6d">
         <name>.debug_info</name>
         <load_address>0x1f3e2</load_address>
         <run_address>0x1f3e2</run_address>
         <size>0x359</size>
         <input_file_ref idref="fl-25"/>
      </object_component>
      <object_component id="oc-9a">
         <name>.debug_info</name>
         <load_address>0x1f73b</load_address>
         <run_address>0x1f73b</run_address>
         <size>0x5cb</size>
         <input_file_ref idref="fl-26"/>
      </object_component>
      <object_component id="oc-29b">
         <name>.debug_info</name>
         <load_address>0x1fd06</load_address>
         <run_address>0x1fd06</run_address>
         <size>0x2b9</size>
         <input_file_ref idref="fl-dc"/>
      </object_component>
      <object_component id="oc-131">
         <name>.debug_info</name>
         <load_address>0x1ffbf</load_address>
         <run_address>0x1ffbf</run_address>
         <size>0x160</size>
         <input_file_ref idref="fl-dc"/>
      </object_component>
      <object_component id="oc-331">
         <name>.debug_info</name>
         <load_address>0x2011f</load_address>
         <run_address>0x2011f</run_address>
         <size>0x39</size>
         <input_file_ref idref="fl-dc"/>
      </object_component>
      <object_component id="oc-3cc">
         <name>.debug_info</name>
         <load_address>0x20158</load_address>
         <run_address>0x20158</run_address>
         <size>0x39</size>
         <input_file_ref idref="fl-dc"/>
      </object_component>
      <object_component id="oc-336">
         <name>.debug_info</name>
         <load_address>0x20191</load_address>
         <run_address>0x20191</run_address>
         <size>0xcd</size>
         <input_file_ref idref="fl-dc"/>
      </object_component>
      <object_component id="oc-f4">
         <name>.debug_info</name>
         <load_address>0x2025e</load_address>
         <run_address>0x2025e</run_address>
         <size>0xc9</size>
         <input_file_ref idref="fl-dd"/>
      </object_component>
      <object_component id="oc-1b">
         <name>.debug_info</name>
         <load_address>0x20327</load_address>
         <run_address>0x20327</run_address>
         <size>0x215</size>
         <input_file_ref idref="fl-dd"/>
      </object_component>
      <object_component id="oc-72">
         <name>.debug_info</name>
         <load_address>0x2053c</load_address>
         <run_address>0x2053c</run_address>
         <size>0x60</size>
         <input_file_ref idref="fl-dd"/>
      </object_component>
      <object_component id="oc-ef">
         <name>.debug_info</name>
         <load_address>0x2059c</load_address>
         <run_address>0x2059c</run_address>
         <size>0x46</size>
         <input_file_ref idref="fl-dd"/>
      </object_component>
      <object_component id="oc-87">
         <name>.debug_info</name>
         <load_address>0x205e2</load_address>
         <run_address>0x205e2</run_address>
         <size>0x10b</size>
         <input_file_ref idref="fl-de"/>
      </object_component>
      <object_component id="oc-23">
         <name>.debug_info</name>
         <load_address>0x206ed</load_address>
         <run_address>0x206ed</run_address>
         <size>0x19a</size>
         <input_file_ref idref="fl-de"/>
      </object_component>
      <object_component id="oc-82">
         <name>.debug_info</name>
         <load_address>0x20887</load_address>
         <run_address>0x20887</run_address>
         <size>0x46</size>
         <input_file_ref idref="fl-de"/>
      </object_component>
      <object_component id="oc-f6">
         <name>.debug_info</name>
         <load_address>0x208cd</load_address>
         <run_address>0x208cd</run_address>
         <size>0x2c</size>
         <input_file_ref idref="fl-de"/>
      </object_component>
      <object_component id="oc-93">
         <name>.debug_info</name>
         <load_address>0x208f9</load_address>
         <run_address>0x208f9</run_address>
         <size>0xfa</size>
         <input_file_ref idref="fl-df"/>
      </object_component>
      <object_component id="oc-27">
         <name>.debug_info</name>
         <load_address>0x209f3</load_address>
         <run_address>0x209f3</run_address>
         <size>0x165</size>
         <input_file_ref idref="fl-df"/>
      </object_component>
      <object_component id="oc-8e">
         <name>.debug_info</name>
         <load_address>0x20b58</load_address>
         <run_address>0x20b58</run_address>
         <size>0x46</size>
         <input_file_ref idref="fl-df"/>
      </object_component>
      <object_component id="oc-fe">
         <name>.debug_info</name>
         <load_address>0x20b9e</load_address>
         <run_address>0x20b9e</run_address>
         <size>0x2c</size>
         <input_file_ref idref="fl-df"/>
      </object_component>
      <object_component id="oc-32d">
         <name>.debug_info</name>
         <load_address>0x20bca</load_address>
         <run_address>0x20bca</run_address>
         <size>0x1b0</size>
         <input_file_ref idref="fl-e0"/>
      </object_component>
      <object_component id="oc-291">
         <name>.debug_info</name>
         <load_address>0x20d7a</load_address>
         <run_address>0x20d7a</run_address>
         <size>0x153</size>
         <input_file_ref idref="fl-e0"/>
      </object_component>
      <object_component id="oc-3c7">
         <name>.debug_info</name>
         <load_address>0x20ecd</load_address>
         <run_address>0x20ecd</run_address>
         <size>0x2c</size>
         <input_file_ref idref="fl-e0"/>
      </object_component>
      <object_component id="oc-2cb">
         <name>.debug_info</name>
         <load_address>0x20ef9</load_address>
         <run_address>0x20ef9</run_address>
         <size>0x204</size>
         <input_file_ref idref="fl-e1"/>
      </object_component>
      <object_component id="oc-2c5">
         <name>.debug_info</name>
         <load_address>0x210fd</load_address>
         <run_address>0x210fd</run_address>
         <size>0x155</size>
         <input_file_ref idref="fl-e1"/>
      </object_component>
      <object_component id="oc-13d">
         <name>.debug_info</name>
         <load_address>0x21252</load_address>
         <run_address>0x21252</run_address>
         <size>0x1e4</size>
         <input_file_ref idref="fl-e1"/>
      </object_component>
      <object_component id="oc-7e">
         <name>.debug_info</name>
         <load_address>0x21436</load_address>
         <run_address>0x21436</run_address>
         <size>0x14c</size>
         <input_file_ref idref="fl-e2"/>
      </object_component>
      <object_component id="oc-8b">
         <name>.debug_info</name>
         <load_address>0x21582</load_address>
         <run_address>0x21582</run_address>
         <size>0x114</size>
         <input_file_ref idref="fl-e3"/>
      </object_component>
      <object_component id="oc-2dc">
         <name>.debug_info</name>
         <load_address>0x21696</load_address>
         <run_address>0x21696</run_address>
         <size>0x18b</size>
         <input_file_ref idref="fl-e4"/>
      </object_component>
      <object_component id="oc-150">
         <name>.debug_info</name>
         <load_address>0x21821</load_address>
         <run_address>0x21821</run_address>
         <size>0x2bf</size>
         <input_file_ref idref="fl-e4"/>
      </object_component>
      <object_component id="oc-3b6">
         <name>.debug_info</name>
         <load_address>0x21ae0</load_address>
         <run_address>0x21ae0</run_address>
         <size>0x2c</size>
         <input_file_ref idref="fl-e4"/>
      </object_component>
      <object_component id="oc-295">
         <name>.debug_info</name>
         <load_address>0x21b0c</load_address>
         <run_address>0x21b0c</run_address>
         <size>0x115</size>
         <input_file_ref idref="fl-e5"/>
      </object_component>
      <object_component id="oc-2e3">
         <name>.debug_info</name>
         <load_address>0x21c21</load_address>
         <run_address>0x21c21</run_address>
         <size>0xba</size>
         <input_file_ref idref="fl-e6"/>
      </object_component>
      <object_component id="oc-156">
         <name>.debug_info</name>
         <load_address>0x21cdb</load_address>
         <run_address>0x21cdb</run_address>
         <size>0x19e</size>
         <input_file_ref idref="fl-e6"/>
      </object_component>
      <object_component id="oc-371">
         <name>.debug_info</name>
         <load_address>0x21e79</load_address>
         <run_address>0x21e79</run_address>
         <size>0xf4</size>
         <input_file_ref idref="fl-e7"/>
      </object_component>
      <object_component id="oc-2c8">
         <name>.debug_info</name>
         <load_address>0x21f6d</load_address>
         <run_address>0x21f6d</run_address>
         <size>0xe3</size>
         <input_file_ref idref="fl-e7"/>
      </object_component>
      <object_component id="oc-36d">
         <name>.debug_info</name>
         <load_address>0x22050</load_address>
         <run_address>0x22050</run_address>
         <size>0x1ef</size>
         <input_file_ref idref="fl-e7"/>
      </object_component>
      <object_component id="oc-3ab">
         <name>.debug_info</name>
         <load_address>0x2223f</load_address>
         <run_address>0x2223f</run_address>
         <size>0x355</size>
         <input_file_ref idref="fl-e8"/>
      </object_component>
      <object_component id="oc-2d9">
         <name>.debug_info</name>
         <load_address>0x22594</load_address>
         <run_address>0x22594</run_address>
         <size>0x111a</size>
         <input_file_ref idref="fl-e8"/>
      </object_component>
      <object_component id="oc-3ac">
         <name>.debug_info</name>
         <load_address>0x236ae</load_address>
         <run_address>0x236ae</run_address>
         <size>0x86</size>
         <input_file_ref idref="fl-e8"/>
      </object_component>
      <object_component id="oc-416">
         <name>.debug_info</name>
         <load_address>0x23734</load_address>
         <run_address>0x23734</run_address>
         <size>0x46</size>
         <input_file_ref idref="fl-e8"/>
      </object_component>
      <object_component id="oc-3b1">
         <name>.debug_info</name>
         <load_address>0x2377a</load_address>
         <run_address>0x2377a</run_address>
         <size>0x39</size>
         <input_file_ref idref="fl-e8"/>
      </object_component>
      <object_component id="oc-411">
[...]
      </symbol>
      <symbol id="sm-537">
         <name>_mpuGetRegionPermission_</name>
         <value>0x8860</value>
         <object_component_ref idref="oc-12b"/>
      </symbol>
      <symbol id="sm-538">
         <name>_mpuEnable_</name>
         <value>0x87a0</value>
         <object_component_ref idref="oc-12b"/>
      </symbol>
      <symbol id="sm-539">
         <name>_mpuGetNumberOfRegions_</name>
         <value>0x8810</value>
         <object_component_ref idref="oc-12b"/>
      </symbol>
      <symbol id="sm-53a">
         <name>_mpuAreRegionsSeparate_</name>
         <value>0x881c</value>
         <object_component_ref idref="oc-12b"/>
      </symbol>
      <symbol id="sm-53b">
         <name>_mpuEnableBackgroundRegion_</name>
         <value>0x87e0</value>
         <object_component_ref idref="oc-12b"/>
      </symbol>
      <symbol id="sm-53c">
         <name>_mpuGetRegionType_</name>
         <value>0x8854</value>
         <object_component_ref idref="oc-12b"/>
      </symbol>
      <symbol id="sm-53d">
         <name>_mpuDisable_</name>
         <value>0x87c0</value>
         <object_component_ref idref="oc-12b"/>
      </symbol>
      <symbol id="sm-53e">
         <name>_mpuGetRegionBaseAddress_</name>
         <value>0x8840</value>
         <object_component_ref idref="oc-12b"/>
      </symbol>
      <symbol id="sm-53f">
         <name>_mpuSetRegion_</name>
         <value>0x8828</value>
         <object_component_ref idref="oc-12b"/>
      </symbol>
      <symbol id="sm-540">
         <name>_mpuGetRegion_</name>
         <value>0x8830</value>
         <object_component_ref idref="oc-12b"/>
      </symbol>
      <symbol id="sm-553">
         <name>phantomInterrupt</name>
         <value>0xaee0</value>
         <object_component_ref idref="oc-53"/>
      </symbol>
      <symbol id="sm-5db">
         <name>resetReason</name>
         <value>0x8001d70</value>
      </symbol>
      <symbol id="sm-5dc">
         <name>afterSTC</name>
         <value>0xa784</value>
         <object_component_ref idref="oc-b0"/>
      </symbol>
      <symbol id="sm-5dd">
         <name>_c_int00</name>
         <value>0x9c6c</value>
         <object_component_ref idref="oc-2c"/>
      </symbol>
      <symbol id="sm-681">
         <name>vimChannelMap</name>
         <value>0x5278</value>
         <object_component_ref idref="oc-5a"/>
      </symbol>
      <symbol id="sm-682">
         <name>vimInit</name>
         <value>0x51a4</value>
         <object_component_ref idref="oc-5a"/>
      </symbol>
      <symbol id="sm-683">
         <name>vimEnableInterrupt</name>
         <value>0x531c</value>
         <object_component_ref idref="oc-5a"/>
      </symbol>
      <symbol id="sm-684">
         <name>vimDisableInterrupt</name>
         <value>0x54e4</value>
         <object_component_ref idref="oc-5a"/>
      </symbol>
      <symbol id="sm-685">
         <name>vimGetConfigValue</name>
         <value>0x5590</value>
         <object_component_ref idref="oc-5a"/>
      </symbol>
      <symbol id="sm-686">
         <name>vimECCErrorHandler</name>
         <value>0x8bf0</value>
         <object_component_ref idref="oc-59"/>
      </symbol>
      <symbol id="sm-6d5">
         <name>systemGetConfigValue</name>
         <value>0x4cdc</value>
         <object_component_ref idref="oc-119"/>
      </symbol>
      <symbol id="sm-6d6">
         <name>trimLPO</name>
         <value>0x4884</value>
         <object_component_ref idref="oc-119"/>
      </symbol>
      <symbol id="sm-6d7">
         <name>systemInit</name>
         <value>0x4aec</value>
         <object_component_ref idref="oc-119"/>
      </symbol>
      <symbol id="sm-6d8">
         <name>periphInit</name>
         <value>0x490c</value>
         <object_component_ref idref="oc-119"/>
      </symbol>
      <symbol id="sm-6d9">
         <name>setupFlash</name>
         <value>0x48cc</value>
         <object_component_ref idref="oc-119"/>
      </symbol>
      <symbol id="sm-6da">
         <name>setupPLL</name>
         <value>0x4824</value>
         <object_component_ref idref="oc-119"/>
      </symbol>
      <symbol id="sm-6db">
         <name>getResetSource</name>
         <value>0x4b90</value>
         <object_component_ref idref="oc-119"/>
      </symbol>
      <symbol id="sm-6dc">
         <name>mapClocks</name>
         <value>0x49c0</value>
         <object_component_ref idref="oc-119"/>
      </symbol>
      <symbol id="sm-6dd">
         <name>systemPowerDown</name>
         <value>0x4b60</value>
         <object_component_ref idref="oc-119"/>
      </symbol>
      <symbol id="sm-807">
         <name>SL_SelfTest_EFuse</name>
         <value>0x26e8</value>
         <object_component_ref idref="oc-aa"/>
      </symbol>
      <symbol id="sm-808">
         <name>SL_SelfTest_Status_CCMR5F</name>
         <value>0x1da4</value>
         <object_component_ref idref="oc-aa"/>
      </symbol>
      <symbol id="sm-809">
         <name>SL_SelfTest_CAN</name>
         <value>0x2e94</value>
         <object_component_ref idref="oc-aa"/>
      </symbol>
      <symbol id="sm-80a">
         <name>SL_SelfTest_PBIST</name>
         <value>0x21c8</value>
         <object_component_ref idref="oc-aa"/>
      </symbol>
      <symbol id="sm-80b">
         <name>SL_SelfTest_STC</name>
         <value>0x1ec4</value>
         <object_component_ref idref="oc-aa"/>
      </symbol>
      <symbol id="sm-80c">
         <name>SL_SelfTest_CCMR5F</name>
         <value>0x2b44</value>
         <object_component_ref idref="oc-aa"/>
      </symbol>
      <symbol id="sm-80d">
         <name>sramEccTestBuff</name>
         <value>0x8001db0</value>
         <object_component_ref idref="oc-114"/>
      </symbol>
      <symbol id="sm-80e">
         <name>SL_SelfTest_SRAM</name>
         <value>0x1fb4</value>
         <object_component_ref idref="oc-aa"/>
      </symbol>
      <symbol id="sm-80f">
         <name>SL_SelfTest_Flash</name>
         <value>0x8001800</value>
         <object_component_ref idref="oc-2b4"/>
      </symbol>
      <symbol id="sm-810">
         <name>SL_SelfTest_WaitCompletion_PBIST</name>
         <value>0x1b6c</value>
         <object_component_ref idref="oc-aa"/>
      </symbol>
      <symbol id="sm-811">
         <name>SL_SelfTest_Status_EFuse</name>
         <value>0x1d1c</value>
         <object_component_ref idref="oc-aa"/>
      </symbol>
      <symbol id="sm-812">
         <name>SL_SelfTest_PBIST_StopExec</name>
         <value>0x1c20</value>
         <object_component_ref idref="oc-aa"/>
      </symbol>
      <symbol id="sm-813">
         <name>SL_SelfTest_Status_STC</name>
         <value>0x1b88</value>
         <object_component_ref idref="oc-aa"/>
      </symbol>
      <symbol id="sm-814">
         <name>SL_SelfTest_Status_PBIST</name>
         <value>0x1c44</value>
         <object_component_ref idref="oc-aa"/>
      </symbol>
      <symbol id="sm-815">
         <name>SL_SelfTest_MibSPI</name>
         <value>0x2314</value>
         <object_component_ref idref="oc-aa"/>
      </symbol>
      <symbol id="sm-816">
         <name>SL_SelfTest_DMA</name>
         <value>0x2840</value>
         <object_component_ref idref="oc-aa"/>
      </symbol>
      <symbol id="sm-83c">
         <name>SL_FLAG_GET</name>
         <value>0xa6a4</value>
         <object_component_ref idref="oc-a4"/>
      </symbol>
      <symbol id="sm-83d">
         <name>_SL_HoldNClear_nError</name>
         <value>0xa648</value>
         <object_component_ref idref="oc-a4"/>
      </symbol>
      <symbol id="sm-83e">
         <name>sl_priv_flag_set</name>
         <value>0x8001d80</value>
         <object_component_ref idref="oc-109"/>
      </symbol>
      <symbol id="sm-83f">
         <name>SL_FLAG_SET</name>
         <value>0xa688</value>
         <object_component_ref idref="oc-a4"/>
      </symbol>
      <symbol id="sm-840">
         <name>SL_FLAG_CLEAR</name>
         <value>0xa6b0</value>
         <object_component_ref idref="oc-a4"/>
      </symbol>
      <symbol id="sm-841">
         <name>_SL_Approximate_value</name>
         <value>0xa668</value>
         <object_component_ref idref="oc-a4"/>
      </symbol>
      <symbol id="sm-842">
         <name>_SL_SelfTest_SRAM_RAD</name>
         <value>0xa5c4</value>
         <object_component_ref idref="oc-a4"/>
      </symbol>
      <symbol id="sm-86c">
         <name>SL_Log_Error</name>
         <value>0xacb0</value>
         <object_component_ref idref="oc-10e"/>
      </symbol>
      <symbol id="sm-86d">
         <name>_SL_Log_Error_Buffer</name>
         <value>0x8001b28</value>
         <object_component_ref idref="oc-26a"/>
      </symbol>
      <symbol id="sm-86e">
         <name>_SL_Log_Error_Index</name>
         <value>0x8001cac</value>
         <object_component_ref idref="oc-267"/>
      </symbol>
      <symbol id="sm-88e">
         <name>SL_Init_ECCTCMRAM</name>
         <value>0xa214</value>
         <object_component_ref idref="oc-9e"/>
      </symbol>
      <symbol id="sm-88f">
         <name>SL_Init_Memory</name>
         <value>0xa1c8</value>
         <object_component_ref idref="oc-9e"/>
      </symbol>
      <symbol id="sm-890">
         <name>SL_Init_ResetReason_XInfo</name>
         <value>0xa104</value>
         <object_component_ref idref="oc-9e"/>
      </symbol>
      <symbol id="sm-891">
         <name>SL_Init_ResetReason</name>
         <value>0xa10c</value>
         <object_component_ref idref="oc-9e"/>
      </symbol>
      <symbol id="sm-892">
         <name>SL_Init_ECCFlash</name>
         <value>0xa224</value>
         <object_component_ref idref="oc-9e"/>
      </symbol>
      <symbol id="sm-8ea">
         <name>SL_ESM_Init</name>
         <value>0x8ba4</value>
         <object_component_ref idref="oc-67"/>
      </symbol>
      <symbol id="sm-8eb">
         <name>SL_ESM_nERROR_Active</name>
         <value>0x8b8c</value>
         <object_component_ref idref="oc-67"/>
      </symbol>
      <symbol id="sm-900">
         <name>SL_Init_R5Registers</name>
         <value>0x9ae0</value>
         <object_component_ref idref="oc-99"/>
      </symbol>
      <symbol id="sm-901">
         <name>_SL_Disable_IRQ</name>
         <value>0x9a84</value>
         <object_component_ref idref="oc-99"/>
      </symbol>
      <symbol id="sm-902">
         <name>_SL_Get_DataFault_Status</name>
         <value>0x9ad0</value>
         <object_component_ref idref="oc-99"/>
      </symbol>
      <symbol id="sm-903">
         <name>_SL_Get_ARM_Mode</name>
         <value>0x9ac4</value>
         <object_component_ref idref="oc-99"/>
      </symbol>
      <symbol id="sm-904">
         <name>_SL_Barrier_Data_Access</name>
         <value>0x9c60</value>
         <object_component_ref idref="oc-99"/>
      </symbol>
      <symbol id="sm-905">
         <name>_SL_Kickoff_STC_execution</name>
         <value>0x9c58</value>
         <object_component_ref idref="oc-99"/>
      </symbol>
      <symbol id="sm-906">
         <name>_SL_Restore_IRQ</name>
         <value>0x9aa4</value>
         <object_component_ref idref="oc-99"/>
      </symbol>
      <symbol id="sm-907">
         <name>SL_Init_StackPointers</name>
         <value>0x9c08</value>
         <object_component_ref idref="oc-99"/>
      </symbol>
      <symbol id="sm-908">
         <name>_SL_Init_EnableEventExport</name>
         <value>0x9a6c</value>
         <object_component_ref idref="oc-99"/>
      </symbol>
      <symbol id="sm-909">
         <name>_SL_Get_DataFault_Address</name>
         <value>0x9ad8</value>
         <object_component_ref idref="oc-99"/>
      </symbol>
      <symbol id="sm-935">
         <name>__TI_auto_init</name>
         <value>0xa82c</value>
         <object_component_ref idref="oc-130"/>
      </symbol>
      <symbol id="sm-953">
         <name>__TI_decompress_lzss</name>
         <value>0xa97c</value>
         <object_component_ref idref="oc-1a"/>
      </symbol>
      <symbol id="sm-96a">
         <name>__TI_decompress_none</name>
         <value>0xaebc</value>
         <object_component_ref idref="oc-20"/>
      </symbol>
      <symbol id="sm-981">
         <name>__TI_zero_init</name>
         <value>0xaed0</value>
         <object_component_ref idref="oc-26"/>
      </symbol>
      <symbol id="sm-99b">
         <name>copy_in</name>
         <value>0xabac</value>
         <object_component_ref idref="oc-28e"/>
      </symbol>
      <symbol id="sm-9bc">
         <name>C$$EXIT</name>
         <value>0xaa0c</value>
         <object_component_ref idref="oc-13c"/>
      </symbol>
      <symbol id="sm-9bd">
         <name>abort</name>
         <value>0xaa14</value>
         <object_component_ref idref="oc-13c"/>
      </symbol>
      <symbol id="sm-9be">
         <name>exit</name>
         <value>0xaa20</value>
         <object_component_ref idref="oc-13c"/>
      </symbol>
      <symbol id="sm-9bf">
         <name>__TI_dtors_ptr</name>
         <value>0x8001dfc</value>
         <object_component_ref idref="oc-2c4"/>
      </symbol>
      <symbol id="sm-9c0">
         <name>__TI_cleanup_ptr</name>
         <value>0x8001df8</value>
         <object_component_ref idref="oc-2c4"/>
      </symbol>
      <symbol id="sm-9c1">
         <name>__TI_enable_exit_profile_output</name>
         <value>0x8001e00</value>
         <object_component_ref idref="oc-2c4"/>
      </symbol>
      <symbol id="sm-9da">
         <name>memcpy</name>
         <value>0x9e38</value>
         <object_component_ref idref="oc-7c"/>
      </symbol>
      <symbol id="sm-9db">
         <name>__aeabi_memcpy</name>
         <value>0x9e38</value>
         <object_component_ref idref="oc-7c"/>
      </symbol>
      <symbol id="sm-9dc">
         <name>__aeabi_memcpy8</name>
         <value>0x9e38</value>
         <object_component_ref idref="oc-7c"/>
      </symbol>
      <symbol id="sm-9dd">
         <name>__aeabi_memcpy4</name>
         <value>0x9e38</value>
         <object_component_ref idref="oc-7c"/>
      </symbol>
      <symbol id="sm-9ec">
         <name>__aeabi_memset</name>
         <value>0xa6d8</value>
         <object_component_ref idref="oc-88"/>
      </symbol>
      <symbol id="sm-9ed">
         <name>memset</name>
         <value>0xa6e4</value>
         <object_component_ref idref="oc-88"/>
      </symbol>
      <symbol id="sm-9ee">
         <name>__aeabi_memset8</name>
         <value>0xa6d8</value>
         <object_component_ref idref="oc-88"/>
      </symbol>
      <symbol id="sm-9ef">
         <name>__aeabi_memset4</name>
         <value>0xa6d8</value>
         <object_component_ref idref="oc-88"/>
      </symbol>
      <symbol id="sm-9f0">
         <name>__aeabi_memclr8</name>
         <value>0xa6d4</value>
         <object_component_ref idref="oc-88"/>
      </symbol>
      <symbol id="sm-9f1">
         <name>__aeabi_memclr4</name>
         <value>0xa6d4</value>
         <object_component_ref idref="oc-88"/>
      </symbol>
      <symbol id="sm-9f2">
         <name>__aeabi_memclr</name>
         <value>0xa6d4</value>
         <object_component_ref idref="oc-88"/>
      </symbol>
      <symbol id="sm-a0b">
         <name>sprintf</name>
         <value>0xa8d4</value>
         <object_component_ref idref="oc-14f"/>
      </symbol>
      <symbol id="sm-a15">
         <name>_system_post_cinit</name>
         <value>0xaee8</value>
         <object_component_ref idref="oc-294"/>
      </symbol>
      <symbol id="sm-a23">
         <name>strlen</name>
         <value>0xae9c</value>
         <object_component_ref idref="oc-155"/>
      </symbol>
      <symbol id="sm-a3d">
         <name>_nop</name>
         <value>0xae70</value>
         <object_component_ref idref="oc-369"/>
      </symbol>
      <symbol id="sm-a3e">
         <name>_lock</name>
         <value>0x8001da8</value>
         <object_component_ref idref="oc-2c7"/>
      </symbol>
      <symbol id="sm-a3f">
         <name>_unlock</name>
         <value>0x8001dac</value>
         <object_component_ref idref="oc-2c7"/>
      </symbol>
      <symbol id="sm-a40">
         <name>_register_lock</name>
         <value>0xae64</value>
         <object_component_ref idref="oc-369"/>
      </symbol>
      <symbol id="sm-a41">
         <name>_register_unlock</name>
         <value>0xae58</value>
         <object_component_ref idref="oc-369"/>
      </symbol>
      <symbol id="sm-b27">
         <name>__TI_printfi</name>
         <value>0xe14</value>
         <object_component_ref idref="oc-2d5"/>
      </symbol>
      <symbol id="sm-b3a">
         <name>atoi</name>
         <value>0xab28</value>
         <object_component_ref idref="oc-39e"/>
      </symbol>
      <symbol id="sm-b45">
         <name>_ctypes_</name>
         <value>0xb0f8</value>
         <object_component_ref idref="oc-40d"/>
      </symbol>
      <symbol id="sm-b53">
         <name>ltoa</name>
         <value>0xac30</value>
         <object_component_ref idref="oc-386"/>
      </symbol>
      <symbol id="sm-b62">
         <name>memccpy</name>
         <value>0xae04</value>
         <object_component_ref idref="oc-3a4"/>
      </symbol>
      <symbol id="sm-b7a">
         <name>frexpl</name>
         <value>0xaa9c</value>
         <object_component_ref idref="oc-38c"/>
      </symbol>
      <symbol id="sm-b7b">
         <name>frexp</name>
         <value>0xaa9c</value>
         <object_component_ref idref="oc-38c"/>
      </symbol>
      <symbol id="sm-b98">
         <name>scalbn</name>
         <value>0xa4a8</value>
         <object_component_ref idref="oc-392"/>
      </symbol>
      <symbol id="sm-b99">
         <name>scalbnl</name>
         <value>0xa4a8</value>
         <object_component_ref idref="oc-392"/>
      </symbol>
      <symbol id="sm-b9a">
         <name>ldexpl</name>
         <value>0xa4a8</value>
         <object_component_ref idref="oc-392"/>
      </symbol>
      <symbol id="sm-b9b">
         <name>ldexp</name>
         <value>0xa4a8</value>
         <object_component_ref idref="oc-392"/>
      </symbol>
      <symbol id="sm-ba9">
         <name>strchr</name>
         <value>0xae30</value>
         <object_component_ref idref="oc-398"/>
      </symbol>
      <symbol id="sm-bb5">
         <name>__aeabi_uidivmod</name>
         <value>0xadb4</value>
         <object_component_ref idref="oc-381"/>
      </symbol>
      <symbol id="sm-bb6">
         <name>__aeabi_uidiv</name>
         <value>0xadb4</value>
         <object_component_ref idref="oc-381"/>
      </symbol>
      <symbol id="sm-bd2">
         <name>__aeabi_uldivmod</name>
         <value>0x9270</value>
         <object_component_ref idref="oc-37c"/>
      </symbol>
      <symbol id="sm-bda">
         <name>errno</name>
         <value>0x8001e08</value>
         <object_component_ref idref="oc-406"/>
      </symbol>
      <symbol id="sm-be4">
         <name>__aeabi_idiv0</name>
         <value>0xaee4</value>
         <object_component_ref idref="oc-3eb"/>
      </symbol>
      <symbol id="sm-bf0">
         <name>__aeabi_idivmod</name>
         <value>0xad10</value>
         <object_component_ref idref="oc-3f2"/>
      </symbol>
      <symbol id="sm-bf1">
         <name>__aeabi_idiv</name>
         <value>0xad10</value>
         <object_component_ref idref="oc-3f2"/>
      </symbol>
      <symbol id="sm-bfb">
         <name>copysign</name>
         <value>0xae7c</value>
         <object_component_ref idref="oc-400"/>
      </symbol>
      <symbol id="sm-bfc">
         <name>copysignl</name>
         <value>0xae7c</value>
         <object_component_ref idref="oc-400"/>
      </symbol>
      <symbol id="sm-bfd">
         <name>__TI_static_base__</name>
         <value>0x0</value>
      </symbol>
      <symbol id="sm-c06">
         <name>SHT$$INIT_ARRAY$$Base</name>
         <value>0x0</value>
      </symbol>
      <symbol id="sm-c07">
         <name>SHT$$INIT_ARRAY$$Limit</name>
         <value>0x0</value>
      </symbol>
   </symbol_table>
   <title>Link successful</title>
</link_info>
