******************************************************************************
                  TI ARM Linker PC v16.9.0                     
******************************************************************************
>> Linked Sat Feb 04 21:37:13 2017

OUTPUT FILE NAME:   <Project1_LAUNCHXL2_RM57L.out>
ENTRY POINT SYMBOL: "_c_int00"  address: 00009c6c


MEMORY CONFIGURATION

         name            origin    length      used     unused   attr    fill
----------------------  --------  ---------  --------  --------  ----  --------
  VECTORS               00000000   00000020  00000020  00000000     X (ffffffff)
  FLASH0                00000020   001fffe0  0000b260  001f4d80  R  X (ffffffff)
  FLASH1                00200000   00200000  00000000  00200000  R  X (ffffffff)
  STACKS                08000000   00001800  00001800  00000000  RW  
  RAM                   08001800   0007e800  000005fd  0007e203  RW  
  ECC_VEC               f0400000   00000004  00000004  00000000  R   
  ECC_FLA0              f0400004   0003fffc  0003fffc  00000000  R   
  ECC_FLA1              f0440000   00040000  00040000  00000000  R   


SEGMENT ALLOCATION MAP

run origin  load origin   length   init length attrs members
----------  ----------- ---------- ----------- ----- -------
00000000    00000000    00000020   00000020    r-x
  00000000    00000000    00000020   00000020    r-x .intvecs
00000348    00000348    0000af40   0000af40    r-x
  00000348    00000348    0000abac   0000abac    r-x .text
  0000aef8    0000aef8    00000334   00000334    r-- .const
  0000b230    0000b230    00000058   00000058    r-- .cinit
08000000    08000000    00001800   00000000    r--
  08000000    08000000    00000400   00000000    r-- .STACK_DATA_abt
  08000400    08000400    00000400   00000000    r-- .STACK_DATA_fiq
  08000800    08000800    00000400   00000000    r-- .STACK_DATA_irq
  08000c00    08000c00    00000400   00000000    r-- .STACK_DATA_svc
  08001000    08001000    00000400   00000000    r-- .STACK_DATA_sys
  08001400    08001400    00000400   00000000    r-- .STACK_DATA_und
08001800    00000020    00000328   00000328    r-x
  08001800    00000020    00000328   00000328    r-x .sl_stflash_SRAM
08001b28    08001b28    00000249   00000000    rw-
  08001b28    08001b28    00000188   00000000    rw- LOG_DATA
  08001cb0    08001cb0    000000c1   00000000    rw- .bss
08001d80    08001d80    0000008c   00000000    rw-
  08001d80    08001d80    0000008c   00000000    rw- .data
f0400000    f0400000    00080000   00080000    r--
  f0400000    f0400000    00000004   00000004    r-- .ecc0
  f0400004    f0400004    0003fffc   0003fffc    r-- .ecc1
  f0440000    f0440000    00040000   00040000    r-- .ecc2


SECTION ALLOCATION MAP

 output                                  attributes/
section   page    origin      length       input sections
--------  ----  ----------  ----------   ----------------
.intvecs   0    00000000    00000020     
                  00000000    00000020     HL_sys_intvecs.obj (.intvecs)

.sl_stflash_SRAM 
*          0    00000020    00000328     RUN ADDR = 08001800
                  00000020    00000300     SafeTILib_RM57L_LE.lib : sl_selftest.obj (.sl_stflash_SRAM)
                  00000320    00000008                            : sl_priv.obj (.tramp.SL_FLAG_CLEAR.1)
                  00000328    00000008                            : sl_priv.obj (.tramp._SL_HoldNClear_nError.1)
                  00000330    00000008                            : sl_esm.obj (.tramp.SL_ESM_nERROR_Active.1)
                  00000338    00000008                            : sl_asm_api.obj (.tramp._SL_Get_ARM_Mode.1)
                  00000340    00000008                            : sl_log.obj (.tramp.SL_Log_Error.1)

.text      0    00000348    0000abac     
                  00000348    00001824     rtsv7R4_A_le_v3D16_eabi.lib : _printfi.obj (.text)
                  00001b6c    00001810     SafeTILib_RM57L_LE.lib : sl_selftest.obj (.text)
                  0000337c    00000af4     HL_adc.obj (.text)
                  00003e70    000009b4     HL_pinmux.obj (.text)
                  00004824    00000980     HL_system.obj (.text)
                  000051a4    00000940     HL_sys_vim.obj (.text)
                  00005ae4    00000818     HL_sci.obj (.text)
                  000062fc    000007d0     HL_esm.obj (.text)
                  00006acc    00000710     app_main_NoOS.obj (.text)
                  000071dc    00000698     HL_rti.obj (.text)
                  00007874    00000484     HL_gio.obj (.text)
                  00007cf8    00000408     HL_sys_core.obj (.text)
                  00008100    000003e0     HL_notification.obj (.text)
                  000084e0    00000394     HL_sys_mpu.obj (.text)
                  00008874    0000037c     SafeTILib_RM57L_LE.lib : sl_esm.obj (.text)
                  00008bf0    0000034c     HL_sys_vim.obj (.text:retain)
                  00008f3c    00000334     HL_epc.obj (.text)
                  00009270    000002b8     rtsv7R4_A_le_v3D16_eabi.lib : ull_div32.obj (.text)
                  00009528    000002b4     HL_esm.obj (.text:retain)
                  000097dc    00000290     support_functions.obj (.text)
                  00009a6c    00000200     SafeTILib_RM57L_LE.lib : sl_asm_api.obj (.text)
                  00009c6c    000001cc     HL_sys_startup.obj (.text:retain)
                  00009e38    00000180     rtsv7R4_A_le_v3D16_eabi.lib : memcpy32.obj (.text)
                  00009fb8    0000014c     esm_application_callback.obj (.text)
                  0000a104    00000138     SafeTILib_RM57L_LE.lib : sl_init.obj (.text)
                  0000a23c    00000138     HL_rti.obj (.text:retain)
                  0000a374    00000134     SafeTILib_RM57L_LE.lib : sl_esm.obj (.text:retain)
                  0000a4a8    0000011c     rtsv7R4_A_le_v3D16_eabi.lib : s_scalbn.obj (.text)
                  0000a5c4    00000110     SafeTILib_RM57L_LE.lib : sl_priv.obj (.text)
                  0000a6d4    000000b0     rtsv7R4_A_le_v3D16_eabi.lib : memset32.obj (.text)
                  0000a784    000000a8     HL_sys_startup.obj (.text)
                  0000a82c    000000a8     rtsv7R4_A_le_v3D16_eabi.lib : autoinit.obj (.text)
                  0000a8d4    000000a8                                 : sprintf.obj (.text)
                  0000a97c    00000090                                 : copy_decompress_lzss.obj (.text:decompress:lzss)
                  0000aa0c    00000090                                 : exit.obj (.text)
                  0000aa9c    0000008c                                 : s_frexp.obj (.text)
                  0000ab28    00000084                                 : atoi.obj (.text)
                  0000abac    00000084                                 : cpy_tbl.obj (.text)
                  0000ac30    00000080                                 : ltoa.obj (.text)
                  0000acb0    00000060     SafeTILib_RM57L_LE.lib : sl_log.obj (.text)
                  0000ad10    00000054     rtsv7R4_A_le_v3D16_eabi.lib : i_div32.obj (.text)
                  0000ad64    00000050     adc_demos.obj (.text)
                  0000adb4    00000050     rtsv7R4_A_le_v3D16_eabi.lib : u_div32.obj (.text)
                  0000ae04    0000002c                                 : memccpy.obj (.text)
                  0000ae30    00000028                                 : strchr.obj (.text)
                  0000ae58    00000024                                 : _lock.obj (.text)
                  0000ae7c    00000020                                 : s_copysign.obj (.text)
                  0000ae9c    00000020                                 : strlen.obj (.text)
                  0000aebc    00000014                                 : copy_decompress_none.obj (.text:decompress:none)
                  0000aed0    00000010                                 : copy_zero_init.obj (.text:decompress:ZI)
                  0000aee0    00000004     HL_sys_phantom.obj (.text:retain)
                  0000aee4    00000004     rtsv7R4_A_le_v3D16_eabi.lib : i_div0.obj (.text)
                  0000aee8    00000004                                 : startup.obj (.text)
                  0000aeec    00000008     SafeTILib_RM57L_LE.lib : sl_selftest.obj (.tramp.SL_SelfTest_Flash.1)

.const     0    0000aef8    00000334     
                  0000aef8    00000200     HL_sys_vim.obj (.const:s_vim_init)
                  0000b0f8    00000101     rtsv7R4_A_le_v3D16_eabi.lib : ctype.obj (.const:.string:_ctypes_)
                  0000b1f9    00000003     --HOLE-- [fill = 0]
                  0000b1fc    00000018     HL_adc.obj (.const:s_adcFiFoSize)
                  0000b214    00000018     HL_adc.obj (.const:s_adcSelect)

.cinit     0    0000b230    00000058     
                  0000b230    0000001d     (.cinit..data.load) [load image, compression = lzss]
                  0000b24d    0000000f     (.cinit.LOG_DATA.load) [load image, compression = lzss]
                  0000b25c    0000000c     (__TI_handler_table)
                  0000b268    00000008     (.cinit..bss.load) [load image, compression = zero_init]
                  0000b270    00000018     (__TI_cinit_table)

.STACK_DATA_abt 
*          0    08000000    00000400     UNINITIALIZED
                  08000000    00000400     --HOLE--

.STACK_DATA_fiq 
*          0    08000400    00000400     UNINITIALIZED
                  08000400    00000400     --HOLE--

.STACK_DATA_irq 
*          0    08000800    00000400     UNINITIALIZED
                  08000800    00000400     --HOLE--

.STACK_DATA_svc 
*          0    08000c00    00000400     UNINITIALIZED
                  08000c00    00000400     --HOLE--

.STACK_DATA_sys 
*          0    08001000    00000400     UNINITIALIZED
                  08001000    00000400     --HOLE--

.STACK_DATA_und 
*          0    08001400    00000400     UNINITIALIZED
                  08001400    00000400     --HOLE--

LOG_DATA   0    08001b28    00000188     UNINITIALIZED
                  08001b28    00000180     SafeTILib_RM57L_LE.lib : sl_log.obj (LOG_DATA:uninit)
                  08001ca8    00000008                            : sl_log.obj (LOG_DATA:init)

.bss       0    08001cb0    000000c1     UNINITIALIZED
                  08001cb0    00000064     (.common:u8PotStringBuf)
                  08001d14    00000050     HL_sci.obj (.bss:g_sciTransfer_t)
                  08001d64    00000004     (.common:ESM_AppCallback)
                  08001d68    00000004     (.common:rtiCOMPARE1_PER_NEW)
                  08001d6c    00000004     (.common:rtiCOMPARE2_PER)
                  08001d70    00000001     (.common:resetReason)

.data      0    08001d80    0000008c     UNINITIALIZED
                  08001d80    00000026     SafeTILib_RM57L_LE.lib : sl_priv.obj (.data:sl_priv_flag_set)
                  08001da6    00000002     --HOLE--
                  08001da8    00000008     rtsv7R4_A_le_v3D16_eabi.lib : _lock.obj (.data:$O1$$)
                  08001db0    00000020     SafeTILib_RM57L_LE.lib : sl_selftest.obj (.data)
                  08001dd0    00000014     HL_notification.obj (.data)
                  08001de4    00000012     app_main_NoOS.obj (.data)
                  08001df6    00000002     --HOLE--
                  08001df8    0000000c     rtsv7R4_A_le_v3D16_eabi.lib : exit.obj (.data:$O1$$)
                  08001e04    00000004     SafeTILib_RM57L_LE.lib : sl_esm.obj (.data)
                  08001e08    00000004     rtsv7R4_A_le_v3D16_eabi.lib : errno.obj (.data)

.ecc0      0    f0400000    00000004     
                  f0400000    00000004     (.ecc0)

.ecc1      0    f0400004    0003fffc     
                  f0400004    0003fffc     (.ecc1)

.ecc2      0    f0440000    00040000     
                  f0440000    00040000     (.ecc2)

MODULE SUMMARY

       Module                         code    ro data   rw data
       ------                         ----    -------   -------
    .\demoapp\source\
       app_main_NoOS.obj              1808    0         26     
       support_functions.obj          656     0         0      
       esm_application_callback.obj   332     0         0      
       adc_demos.obj                  80      0         0      
    +--+------------------------------+-------+---------+---------+
       Total:                         2876    0         26     
                                                               
    .\hcg\source\
       HL_sys_vim.obj                 3212    512       0      
       HL_adc.obj                     2804    48        0      
       HL_esm.obj                     2692    0         0      
       HL_pinmux.obj                  2484    0         0      
       HL_system.obj                  2432    0         0      
       HL_sci.obj                     2072    0         80     
       HL_rti.obj                     2000    0         0      
       HL_gio.obj                     1156    0         0      
       HL_notification.obj            992     0         120    
       HL_sys_core.obj                1032    0         0      
       HL_sys_mpu.obj                 916     0         0      
       HL_epc.obj                     820     0         0      
       HL_sys_startup.obj             628     0         1      
       HL_sys_intvecs.obj             32      0         0      
       HL_sys_phantom.obj             4       0         0      
    +--+------------------------------+-------+---------+---------+
       Total:                         23276   560       201    
                                                               
    C:/ti/Hercules/SafeTI Diagnostic Library/2.2.0/libs/SafeTILib_RM57L_LE.lib
       sl_selftest.obj                7704    0         32     
       sl_esm.obj                     1216    0         8      
       sl_asm_api.obj                 528     0         0      
       sl_log.obj                     112     0         392    
       sl_priv.obj                    304     0         38     
       sl_init.obj                    312     0         0      
    +--+------------------------------+-------+---------+---------+
       Total:                         10176   0         470    
                                                               
    C:\ti\ccsv7\tools\compiler\ti-cgt-arm_16.9.0.LTS\lib\rtsv7R4_A_le_v3D16_eabi.lib
       _printfi.obj                   6180    0         0      
       ull_div32.obj                  696     0         0      
       memcpy32.obj                   384     0         0      
       s_scalbn.obj                   284     0         0      
       ctype.obj                      0       257       0      
       memset32.obj                   176     0         0      
       autoinit.obj                   168     0         0      
       sprintf.obj                    168     0         0      
       exit.obj                       144     0         12     
       copy_decompress_lzss.obj       144     0         0      
       s_frexp.obj                    140     0         0      
       atoi.obj                       132     0         0      
       cpy_tbl.obj                    132     0         0      
       ltoa.obj                       128     0         0      
       i_div32.obj                    84      0         0      
       u_div32.obj                    80      0         0      
       _lock.obj                      36      0         8      
       memccpy.obj                    44      0         0      
       strchr.obj                     40      0         0      
       s_copysign.obj                 32      0         0      
       strlen.obj                     32      0         0      
       copy_decompress_none.obj       20      0         0      
       copy_zero_init.obj             16      0         0      
       errno.obj                      0       0         4      
       i_div0.obj                     4       0         0      
       startup.obj                    4       0         0      
    +--+------------------------------+-------+---------+---------+
       Total:                         9268    257       24     
                                                               
       Linker Generated:              0       524376    0      
    +--+------------------------------+-------+---------+---------+
       Grand Total:                   45596   525193    721    


LINKER GENERATED COPY TABLES

__TI_cinit_table @ 0000b270 records: 3, size/record: 8, table size: 24
	.data: load addr=0000b230, load size=0000001d bytes, run addr=08001d80, run size=0000008c bytes, compression=lzss
	LOG_DATA: load addr=0000b24d, load size=0000000f bytes, run addr=08001b28, run size=00000188 bytes, compression=lzss
	.bss: load addr=0000b268, load size=00000008 bytes, run addr=08001cb0, run size=000000c1 bytes, compression=zero_init


LINKER GENERATED HANDLER TABLE

__TI_handler_table @ 0000b25c records: 3, size/record: 4, table size: 12
	index: 0, handler: __TI_zero_init
	index: 1, handler: __TI_decompress_lzss
	index: 2, handler: __TI_decompress_none


FAR CALL TRAMPOLINES

callee name               trampoline name
   callee addr  tramp addr   call addr  call info
--------------  -----------  ---------  ----------------
SL_SelfTest_Flash         $Tramp$AA$L$PI$$SL_SelfTest_Flash
   08001800     0000aeec     00006de4   app_main_NoOS.obj (.text)
SL_FLAG_CLEAR             $Tramp$AA$L$PI$$SL_FLAG_CLEAR
   0000a6b0     08001b00     08001910   SafeTILib_RM57L_LE.lib : sl_selftest.obj (.sl_stflash_SRAM)
_SL_HoldNClear_nError     $Tramp$AA$L$PI$$_SL_HoldNClear_nError
   0000a648     08001b08     080018f4   SafeTILib_RM57L_LE.lib : sl_selftest.obj (.sl_stflash_SRAM)
SL_ESM_nERROR_Active      $Tramp$AA$L$PI$$SL_ESM_nERROR_Active
   00008b8c     08001b10     08001868   SafeTILib_RM57L_LE.lib : sl_selftest.obj (.sl_stflash_SRAM)
_SL_Get_ARM_Mode          $Tramp$AA$L$PI$$_SL_Get_ARM_Mode
   00009ac4     08001b18     08001858   SafeTILib_RM57L_LE.lib : sl_selftest.obj (.sl_stflash_SRAM)
SL_Log_Error              $Tramp$AA$L$PI$$SL_Log_Error
   0000acb0     08001b20     0800184c   SafeTILib_RM57L_LE.lib : sl_selftest.obj (.sl_stflash_SRAM)

[6 trampolines]
[6 trampoline calls]


GLOBAL SYMBOLS: SORTED ALPHABETICALLY BY Name 

address   name                                
-------   ----                                
0000aa0c  C$$EXIT                             
00009fb8  ESM_ApplicationCallback             
0000ad64  Get_Temp_Sensor_data                
000075a8  IsdwdKeySequenceCorrect             
UNDEFED   SHT$$INIT_ARRAY$$Base               
UNDEFED   SHT$$INIT_ARRAY$$Limit              
00008ba4  SL_ESM_Init                         
00008b8c  SL_ESM_nERROR_Active                
0000a6b0  SL_FLAG_CLEAR                       
0000a6a4  SL_FLAG_GET                         
0000a688  SL_FLAG_SET                         
0000a224  SL_Init_ECCFlash                    
0000a214  SL_Init_ECCTCMRAM                   
0000a1c8  SL_Init_Memory                      
00009ae0  SL_Init_R5Registers                 
0000a10c  SL_Init_ResetReason                 
0000a104  SL_Init_ResetReason_XInfo           
00009c08  SL_Init_StackPointers               
0000acb0  SL_Log_Error                        
00002e94  SL_SelfTest_CAN                     
00002b44  SL_SelfTest_CCMR5F                  
00002840  SL_SelfTest_DMA                     
000026e8  SL_SelfTest_EFuse                   
08001800  SL_SelfTest_Flash                   
00002314  SL_SelfTest_MibSPI                  
000021c8  SL_SelfTest_PBIST                   
00001c20  SL_SelfTest_PBIST_StopExec          
00001fb4  SL_SelfTest_SRAM                    
00001ec4  SL_SelfTest_STC                     
00001da4  SL_SelfTest_Status_CCMR5F           
00001d1c  SL_SelfTest_Status_EFuse            
00001c44  SL_SelfTest_Status_PBIST            
00001b88  SL_SelfTest_Status_STC              
00001b6c  SL_SelfTest_WaitCompletion_PBIST    
08000000  StackModeABT                        
08000400  StackModeFIQ                        
08000800  StackModeIRQ                        
08000c00  StackModeSVC                        
08001000  StackModeSYS                        
08001400  StackModeUND                        
08001df4  USER1                               
08001df5  USER2                               
0000a668  _SL_Approximate_value               
00009c60  _SL_Barrier_Data_Access             
00009a84  _SL_Disable_IRQ                     
00009ac4  _SL_Get_ARM_Mode                    
00009ad8  _SL_Get_DataFault_Address           
00009ad0  _SL_Get_DataFault_Status            
0000a648  _SL_HoldNClear_nError               
00009a6c  _SL_Init_EnableEventExport          
00009c58  _SL_Kickoff_STC_execution           
08001b28  _SL_Log_Error_Buffer                
08001cac  _SL_Log_Error_Index                 
00009aa4  _SL_Restore_IRQ                     
0000a5c4  _SL_SelfTest_SRAM_RAD               
0000b270  __TI_CINIT_Base                     
0000b288  __TI_CINIT_Limit                    
0000b25c  __TI_Handler_Table_Base             
0000b268  __TI_Handler_Table_Limit            
000080f8  __TI_PINIT_Base                     
000080fc  __TI_PINIT_Limit                    
0000a82c  __TI_auto_init                      
08001df8  __TI_cleanup_ptr                    
0000a97c  __TI_decompress_lzss                
0000aebc  __TI_decompress_none                
08001dfc  __TI_dtors_ptr                      
08001e00  __TI_enable_exit_profile_output     
ffffffff  __TI_pprof_out_hndl                 
00000e14  __TI_printfi                        
ffffffff  __TI_prof_data_size                 
ffffffff  __TI_prof_data_start                
00000000  __TI_static_base__                  
0000aed0  __TI_zero_init                      
0000ad10  __aeabi_idiv                        
0000aee4  __aeabi_idiv0                       
0000ad10  __aeabi_idivmod                     
0000a6d4  __aeabi_memclr                      
0000a6d4  __aeabi_memclr4                     
0000a6d4  __aeabi_memclr8                     
00009e38  __aeabi_memcpy                      
00009e38  __aeabi_memcpy4                     
00009e38  __aeabi_memcpy8                     
0000a6d8  __aeabi_memset                      
0000a6d8  __aeabi_memset4                     
0000a6d8  __aeabi_memset8                     
0000adb4  __aeabi_uidiv                       
0000adb4  __aeabi_uidivmod                    
00009270  __aeabi_uldivmod                    
ffffffff  __binit__                           
ffffffff  __c_args__                          
00009c6c  _c_int00                            
0000809c  _cacheDisable_                      
0000806c  _cacheEnable_                       
0000804c  _checkMemInitOn_                    
00007f48  _coreClearAuxiliaryDataFault_       
00007f64  _coreClearAuxiliaryInstructionFault_
00007f10  _coreClearDataFaultAddress_         
00007ed8  _coreClearDataFault_                
00007f2c  _coreClearInstructionFaultAddress_  
00007ef4  _coreClearInstructionFault_         
00007ea0  _coreDisableEventBusExport_         
00007e88  _coreEnableEventBusExport_          
00007eb8  _coreEnableIrqVicOffset_            
00007e70  _coreEnableVfp_                     
00007f40  _coreGetAuxiliaryDataFault_         
00007f5c  _coreGetAuxiliaryInstructionFault_  
00007f08  _coreGetDataFaultAddress_           
00007ed0  _coreGetDataFault_                  
00007f24  _coreGetInstructionFaultAddress_    
00007eec  _coreGetInstructionFault_           
00007cf8  _coreInitRegisters_                 
00007e04  _coreInitStackPointer_              
0000b0f8  _ctypes_                            
000080c0  _dCacheInvalidate_                  
00007f78  _disable_IRQ_interrupt_             
00007f80  _enable_IRQ_interrupt_              
00007f88  _enable_interrupt_                  
00007f90  _esmCcmErrorsClear_                 
00007e50  _getCPSRValue_                      
00007e58  _gotoCPUIdle_                       
000080dc  _iCacheInvalidate_                  
08001da8  _lock                               
00008018  _memInit_                           
0000881c  _mpuAreRegionsSeparate_             
000087f8  _mpuDisableBackgroundRegion_        
000087c0  _mpuDisable_                        
000087e0  _mpuEnableBackgroundRegion_         
000087a0  _mpuEnable_                         
00008810  _mpuGetNumberOfRegions_             
00008840  _mpuGetRegionBaseAddress_           
00008860  _mpuGetRegionPermission_            
00008854  _mpuGetRegionType_                  
00008830  _mpuGetRegion_                      
000084e0  _mpuInit_                           
00008838  _mpuSetRegionBaseAddress_           
0000886c  _mpuSetRegionSizeRegister_          
00008848  _mpuSetRegionTypeAndPermission_     
00008828  _mpuSetRegion_                      
0000ae70  _nop                                
0000ae64  _register_lock                      
0000ae58  _register_unlock                    
0000aee8  _system_post_cinit                  
08001dac  _unlock                             
0000aa14  abort                               
00003c00  adc1GetConfigValue                  
000037dc  adcCalibration                      
00003ba0  adcDisableNotification              
00003b50  adcEnableNotification               
000035ac  adcGetData                          
00003be8  adcGetEVTPin                        
000097dc  adcGetSingleData                    
0000337c  adcInit                             
000037ac  adcIsConversionComplete             
0000377c  adcIsFifoFull                       
000039b4  adcMidPointCalibration              
0000843c  adcNotification                     
00003584  adcResetFiFo                        
00003bc8  adcSetEVTPin                        
000034d8  adcStartConversion                  
00009844  adcStartConversion_selChn           
0000355c  adcStopConversion                   
0000a784  afterSTC                            
0000ab28  atoi                                
ffffffff  binit                               
08001dd8  blUSER1_now_pressed                 
08001dd9  blUSER1_was_pressed                 
08001dda  blUSER2_now_pressed                 
08001ddb  blUSER2_was_pressed                 
08001dd4  button2_pressed_counter             
08001dd0  button_pressed_counter              
0000abac  copy_in                             
0000ae7c  copysign                            
0000ae7c  copysignl                           
08001de0  debounce_counter_0                  
08001ddc  debounce_counter_1                  
00008138  dmaGroupANotification               
00007618  dwdClearFlag                        
0000751c  dwdCounterEnable                    
00007580  dwdGenerateSysReset                 
000075e0  dwdGetStatus                        
00007634  dwdGetViolationStatus               
0000748c  dwdInit                             
00007558  dwdReset                            
00007538  dwdSetPreload                       
00007504  dwwdGetCurrentDownCounter           
000074b8  dwwdInit                            
00009148  epcAddCAMEEntry                     
00008478  epcCAMFullNotification              
0000900c  epcCAMInit                          
000091dc  epcCheckCAMEntry                    
00009054  epcDiagnosticTest                   
00008f58  epcDisableIP1ErrorGen               
00008f90  epcDisableIP2ErrorGen               
00008ff8  epcDisableInterrupt                 
00008fc8  epcDisableSERREvent                 
00008f3c  epcEnableIP1ErrorGen                
00008f74  epcEnableIP2ErrorGen                
00008fe4  epcEnableInterrupt                  
00008fac  epcEnableSERREvent                  
0000847c  epcFIFOFullNotification             
08001e08  errno                               
00006544  esmActivateNormalOperation          
000066a0  esmClearStatus                      
000066fc  esmClearStatusBuffer                
000066d8  esmClearStatusUpper                 
000064ec  esmDisableError                     
00006518  esmDisableErrorUpper                
0000659c  esmDisableInterrupt                 
000065c8  esmDisableInterruptUpper            
000064a4  esmEnableError                      
000064d0  esmEnableErrorUpper                 
00006554  esmEnableInterrupt                  
00006580  esmEnableInterruptUpper             
00006814  esmEnterSelfTest                    
00006488  esmError                            
000068ec  esmGetConfigValue                   
00006738  esmGetStatus                        
000067ec  esmGetStatusBuffer                  
000067a4  esmGetStatusUpper                   
00008100  esmGroup1Notification               
00008114  esmGroup2Notification               
00008128  esmGroup3Notification               
00009528  esmHighInterrupt                    
000062fc  esmInit                             
00009694  esmLowInterrupt                     
0000689c  esmSelfTestStatus                   
00006718  esmSetCounterPreloadValue           
000065e4  esmSetInterruptLevel                
00006660  esmSetInterruptLevelUpper           
00006534  esmTriggerErrorPinReset             
0000aa20  exit                                
0000aa9c  frexp                               
0000aa9c  frexpl                              
08001df0  g_PotReading                        
00004b90  getResetSource                      
00007ad4  gioDisableNotification              
00007a6c  gioEnableNotification               
000079d4  gioGetBit                           
00007b3c  gioGetConfigValue                   
000079fc  gioGetPort                          
00007874  gioInit                             
00008450  gioNotification                     
00007964  gioSetBit                           
00007944  gioSetDirection                     
000079b4  gioSetPort                          
00007a14  gioToggleBit                        
0000a4a8  ldexp                               
0000a4a8  ldexpl                              
0000ac30  ltoa                                
00006bf8  main                                
08001dec  maintaskcount                       
000049c0  mapClocks                           
0000ae04  memccpy                             
00009e38  memcpy                              
0000a6e4  memset                              
00003e70  muxInit                             
08001de8  periodicSTFailCount                 
08001de4  periodicSTPassCount                 
0000490c  periphInit                          
0000aee0  phantomInterrupt                    
00000000  resetEntry                          
08001d70  resetReason                         
08001d68  rtiCOMPARE1_PER_NEW                 
08001d6c  rtiCOMPARE2_PER                     
0000a23c  rtiCompare0Interrupt                
0000a288  rtiCompare1Interrupt                
0000a2d4  rtiCompare2Interrupt                
0000a320  rtiCompare3Interrupt                
000076ec  rtiDisableNotification              
000076c0  rtiEnableNotification               
0000770c  rtiGetConfigValue                   
000073f4  rtiGetCurrentTick                   
000073c8  rtiGetPeriod                        
000071dc  rtiInit                             
0000814c  rtiNotification                     
00007330  rtiResetCounter                     
0000739c  rtiSetPeriod                        
000072d0  rtiStartCounter                     
00007300  rtiStopCounter                      
0000a4a8  scalbn                              
0000a4a8  scalbnl                             
00006148  sci1GetConfigValue                  
00005ffc  sciDisableLoopback                  
000060b0  sciDisableNotification              
000098f0  sciDisplayData                      
00009890  sciDisplayText                      
00005fc0  sciEnableLoopback                   
00006018  sciEnableNotification               
00005ae4  sciInit                             
00005e40  sciIsIdleDetected                   
00005e24  sciIsRxReady                        
00005c74  sciIsTxReady                        
00008464  sciNotification                     
00005eb8  sciReceive                          
00005e8c  sciReceiveByte                      
00005e5c  sciRxError                          
00005cc0  sciSend                             
00005c90  sciSendByte                         
00005bf0  sciSetBaudrate                      
00005bd0  sciSetFunctional                    
000048cc  setupFlash                          
00004824  setupPLL                            
08001d80  sl_priv_flag_set                    
0000a8d4  sprintf                             
08001db0  sramEccTestBuff                     
0000ae30  strchr                              
0000ae9c  strlen                              
00004cdc  systemGetConfigValue                
00004aec  systemInit                          
00004b60  systemPowerDown                     
00004884  trimLPO                             
08001cb0  u8PotStringBuf                      
08001b28  ulHighHandlerEndAddr                
00000348  ulHighHandlerLoadEnd                
00000020  ulHighHandlerLoadStart              
00000328  ulHighHandlerSize                   
08001800  ulHighHandlerStartAddr              
08001cb0  ulLOGEndAddr                        
08001b28  ulLOGStartAddr                      
00005278  vimChannelMap                       
000054e4  vimDisableInterrupt                 
00008bf0  vimECCErrorHandler                  
0000531c  vimEnableInterrupt                  
00005590  vimGetConfigValue                   
000051a4  vimInit                             


GLOBAL SYMBOLS: SORTED BY Symbol Address 

address   name                                
-------   ----                                
00000000  __TI_static_base__                  
00000000  resetEntry                          
00000020  ulHighHandlerLoadStart              
00000328  ulHighHandlerSize                   
00000348  ulHighHandlerLoadEnd                
00000e14  __TI_printfi                        
00001b6c  SL_SelfTest_WaitCompletion_PBIST    
00001b88  SL_SelfTest_Status_STC              
00001c20  SL_SelfTest_PBIST_StopExec          
00001c44  SL_SelfTest_Status_PBIST            
00001d1c  SL_SelfTest_Status_EFuse            
00001da4  SL_SelfTest_Status_CCMR5F           
00001ec4  SL_SelfTest_STC                     
00001fb4  SL_SelfTest_SRAM                    
000021c8  SL_SelfTest_PBIST                   
00002314  SL_SelfTest_MibSPI                  
000026e8  SL_SelfTest_EFuse                   
00002840  SL_SelfTest_DMA                     
00002b44  SL_SelfTest_CCMR5F                  
00002e94  SL_SelfTest_CAN                     
0000337c  adcInit                             
000034d8  adcStartConversion                  
0000355c  adcStopConversion                   
00003584  adcResetFiFo                        
000035ac  adcGetData                          
0000377c  adcIsFifoFull                       
000037ac  adcIsConversionComplete             
000037dc  adcCalibration                      
000039b4  adcMidPointCalibration              
00003b50  adcEnableNotification               
00003ba0  adcDisableNotification              
00003bc8  adcSetEVTPin                        
00003be8  adcGetEVTPin                        
00003c00  adc1GetConfigValue                  
00003e70  muxInit                             
00004824  setupPLL                            
00004884  trimLPO                             
000048cc  setupFlash                          
0000490c  periphInit                          
000049c0  mapClocks                           
00004aec  systemInit                          
00004b60  systemPowerDown                     
00004b90  getResetSource                      
00004cdc  systemGetConfigValue                
000051a4  vimInit                             
00005278  vimChannelMap                       
0000531c  vimEnableInterrupt                  
000054e4  vimDisableInterrupt                 
00005590  vimGetConfigValue                   
00005ae4  sciInit                             
00005bd0  sciSetFunctional                    
00005bf0  sciSetBaudrate                      
00005c74  sciIsTxReady                        
00005c90  sciSendByte                         
00005cc0  sciSend                             
00005e24  sciIsRxReady                        
00005e40  sciIsIdleDetected                   
00005e5c  sciRxError                          
00005e8c  sciReceiveByte                      
00005eb8  sciReceive                          
00005fc0  sciEnableLoopback                   
00005ffc  sciDisableLoopback                  
00006018  sciEnableNotification               
000060b0  sciDisableNotification              
00006148  sci1GetConfigValue                  
000062fc  esmInit                             
00006488  esmError                            
000064a4  esmEnableError                      
000064d0  esmEnableErrorUpper                 
000064ec  esmDisableError                     
00006518  esmDisableErrorUpper                
00006534  esmTriggerErrorPinReset             
00006544  esmActivateNormalOperation          
00006554  esmEnableInterrupt                  
00006580  esmEnableInterruptUpper             
0000659c  esmDisableInterrupt                 
000065c8  esmDisableInterruptUpper            
000065e4  esmSetInterruptLevel                
00006660  esmSetInterruptLevelUpper           
000066a0  esmClearStatus                      
000066d8  esmClearStatusUpper                 
000066fc  esmClearStatusBuffer                
00006718  esmSetCounterPreloadValue           
00006738  esmGetStatus                        
000067a4  esmGetStatusUpper                   
000067ec  esmGetStatusBuffer                  
00006814  esmEnterSelfTest                    
0000689c  esmSelfTestStatus                   
000068ec  esmGetConfigValue                   
00006bf8  main                                
000071dc  rtiInit                             
000072d0  rtiStartCounter                     
00007300  rtiStopCounter                      
00007330  rtiResetCounter                     
0000739c  rtiSetPeriod                        
000073c8  rtiGetPeriod                        
000073f4  rtiGetCurrentTick                   
0000748c  dwdInit                             
000074b8  dwwdInit                            
00007504  dwwdGetCurrentDownCounter           
0000751c  dwdCounterEnable                    
00007538  dwdSetPreload                       
00007558  dwdReset                            
00007580  dwdGenerateSysReset                 
000075a8  IsdwdKeySequenceCorrect             
000075e0  dwdGetStatus                        
00007618  dwdClearFlag                        
00007634  dwdGetViolationStatus               
000076c0  rtiEnableNotification               
000076ec  rtiDisableNotification              
0000770c  rtiGetConfigValue                   
00007874  gioInit                             
00007944  gioSetDirection                     
00007964  gioSetBit                           
000079b4  gioSetPort                          
000079d4  gioGetBit                           
000079fc  gioGetPort                          
00007a14  gioToggleBit                        
00007a6c  gioEnableNotification               
00007ad4  gioDisableNotification              
00007b3c  gioGetConfigValue                   
00007cf8  _coreInitRegisters_                 
00007e04  _coreInitStackPointer_              
00007e50  _getCPSRValue_                      
00007e58  _gotoCPUIdle_                       
00007e70  _coreEnableVfp_                     
00007e88  _coreEnableEventBusExport_          
00007ea0  _coreDisableEventBusExport_         
00007eb8  _coreEnableIrqVicOffset_            
00007ed0  _coreGetDataFault_                  
00007ed8  _coreClearDataFault_                
00007eec  _coreGetInstructionFault_           
00007ef4  _coreClearInstructionFault_         
00007f08  _coreGetDataFaultAddress_           
00007f10  _coreClearDataFaultAddress_         
00007f24  _coreGetInstructionFaultAddress_    
00007f2c  _coreClearInstructionFaultAddress_  
00007f40  _coreGetAuxiliaryDataFault_         
00007f48  _coreClearAuxiliaryDataFault_       
00007f5c  _coreGetAuxiliaryInstructionFault_  
00007f64  _coreClearAuxiliaryInstructionFault_
00007f78  _disable_IRQ_interrupt_             
00007f80  _enable_IRQ_interrupt_              
00007f88  _enable_interrupt_                  
00007f90  _esmCcmErrorsClear_                 
00008018  _memInit_                           
0000804c  _checkMemInitOn_                    
0000806c  _cacheEnable_                       
0000809c  _cacheDisable_                      
000080c0  _dCacheInvalidate_                  
000080dc  _iCacheInvalidate_                  
000080f8  __TI_PINIT_Base                     
000080fc  __TI_PINIT_Limit                    
00008100  esmGroup1Notification               
00008114  esmGroup2Notification               
00008128  esmGroup3Notification               
00008138  dmaGroupANotification               
0000814c  rtiNotification                     
0000843c  adcNotification                     
00008450  gioNotification                     
00008464  sciNotification                     
00008478  epcCAMFullNotification              
0000847c  epcFIFOFullNotification             
000084e0  _mpuInit_                           
000087a0  _mpuEnable_                         
000087c0  _mpuDisable_                        
000087e0  _mpuEnableBackgroundRegion_         
000087f8  _mpuDisableBackgroundRegion_        
00008810  _mpuGetNumberOfRegions_             
0000881c  _mpuAreRegionsSeparate_             
00008828  _mpuSetRegion_                      
00008830  _mpuGetRegion_                      
00008838  _mpuSetRegionBaseAddress_           
00008840  _mpuGetRegionBaseAddress_           
00008848  _mpuSetRegionTypeAndPermission_     
00008854  _mpuGetRegionType_                  
00008860  _mpuGetRegionPermission_            
0000886c  _mpuSetRegionSizeRegister_          
00008b8c  SL_ESM_nERROR_Active                
00008ba4  SL_ESM_Init                         
00008bf0  vimECCErrorHandler                  
00008f3c  epcEnableIP1ErrorGen                
00008f58  epcDisableIP1ErrorGen               
00008f74  epcEnableIP2ErrorGen                
00008f90  epcDisableIP2ErrorGen               
00008fac  epcEnableSERREvent                  
00008fc8  epcDisableSERREvent                 
00008fe4  epcEnableInterrupt                  
00008ff8  epcDisableInterrupt                 
0000900c  epcCAMInit                          
00009054  epcDiagnosticTest                   
00009148  epcAddCAMEEntry                     
000091dc  epcCheckCAMEntry                    
00009270  __aeabi_uldivmod                    
00009528  esmHighInterrupt                    
00009694  esmLowInterrupt                     
000097dc  adcGetSingleData                    
00009844  adcStartConversion_selChn           
00009890  sciDisplayText                      
000098f0  sciDisplayData                      
00009a6c  _SL_Init_EnableEventExport          
00009a84  _SL_Disable_IRQ                     
00009aa4  _SL_Restore_IRQ                     
00009ac4  _SL_Get_ARM_Mode                    
00009ad0  _SL_Get_DataFault_Status            
00009ad8  _SL_Get_DataFault_Address           
00009ae0  SL_Init_R5Registers                 
00009c08  SL_Init_StackPointers               
00009c58  _SL_Kickoff_STC_execution           
00009c60  _SL_Barrier_Data_Access             
00009c6c  _c_int00                            
00009e38  __aeabi_memcpy                      
00009e38  __aeabi_memcpy4                     
00009e38  __aeabi_memcpy8                     
00009e38  memcpy                              
00009fb8  ESM_ApplicationCallback             
0000a104  SL_Init_ResetReason_XInfo           
0000a10c  SL_Init_ResetReason                 
0000a1c8  SL_Init_Memory                      
0000a214  SL_Init_ECCTCMRAM                   
0000a224  SL_Init_ECCFlash                    
0000a23c  rtiCompare0Interrupt                
0000a288  rtiCompare1Interrupt                
0000a2d4  rtiCompare2Interrupt                
0000a320  rtiCompare3Interrupt                
0000a4a8  ldexp                               
0000a4a8  ldexpl                              
0000a4a8  scalbn                              
0000a4a8  scalbnl                             
0000a5c4  _SL_SelfTest_SRAM_RAD               
0000a648  _SL_HoldNClear_nError               
0000a668  _SL_Approximate_value               
0000a688  SL_FLAG_SET                         
0000a6a4  SL_FLAG_GET                         
0000a6b0  SL_FLAG_CLEAR                       
0000a6d4  __aeabi_memclr                      
0000a6d4  __aeabi_memclr4                     
0000a6d4  __aeabi_memclr8                     
0000a6d8  __aeabi_memset                      
0000a6d8  __aeabi_memset4                     
0000a6d8  __aeabi_memset8                     
0000a6e4  memset                              
0000a784  afterSTC                            
0000a82c  __TI_auto_init                      
0000a8d4  sprintf                             
0000a97c  __TI_decompress_lzss                
0000aa0c  C$$EXIT                             
0000aa14  abort                               
0000aa20  exit                                
0000aa9c  frexp                               
0000aa9c  frexpl                              
0000ab28  atoi                                
0000abac  copy_in                             
0000ac30  ltoa                                
0000acb0  SL_Log_Error                        
0000ad10  __aeabi_idiv                        
0000ad10  __aeabi_idivmod                     
0000ad64  Get_Temp_Sensor_data                
0000adb4  __aeabi_uidiv                       
0000adb4  __aeabi_uidivmod                    
0000ae04  memccpy                             
0000ae30  strchr                              
0000ae58  _register_unlock                    
0000ae64  _register_lock                      
0000ae70  _nop                                
0000ae7c  copysign                            
0000ae7c  copysignl                           
0000ae9c  strlen                              
0000aebc  __TI_decompress_none                
0000aed0  __TI_zero_init                      
0000aee0  phantomInterrupt                    
0000aee4  __aeabi_idiv0                       
0000aee8  _system_post_cinit                  
0000b0f8  _ctypes_                            
0000b25c  __TI_Handler_Table_Base             
0000b268  __TI_Handler_Table_Limit            
0000b270  __TI_CINIT_Base                     
0000b288  __TI_CINIT_Limit                    
08000000  StackModeABT                        
08000400  StackModeFIQ                        
08000800  StackModeIRQ                        
08000c00  StackModeSVC                        
08001000  StackModeSYS                        
08001400  StackModeUND                        
08001800  SL_SelfTest_Flash                   
08001800  ulHighHandlerStartAddr              
08001b28  _SL_Log_Error_Buffer                
08001b28  ulHighHandlerEndAddr                
08001b28  ulLOGStartAddr                      
08001cac  _SL_Log_Error_Index                 
08001cb0  u8PotStringBuf                      
08001cb0  ulLOGEndAddr                        
08001d68  rtiCOMPARE1_PER_NEW                 
08001d6c  rtiCOMPARE2_PER                     
08001d70  resetReason                         
08001d80  sl_priv_flag_set                    
08001da8  _lock                               
08001dac  _unlock                             
08001db0  sramEccTestBuff                     
08001dd0  button_pressed_counter              
08001dd4  button2_pressed_counter             
08001dd8  blUSER1_now_pressed                 
08001dd9  blUSER1_was_pressed                 
08001dda  blUSER2_now_pressed                 
08001ddb  blUSER2_was_pressed                 
08001ddc  debounce_counter_1                  
08001de0  debounce_counter_0                  
08001de4  periodicSTPassCount                 
08001de8  periodicSTFailCount                 
08001dec  maintaskcount                       
08001df0  g_PotReading                        
08001df4  USER1                               
08001df5  USER2                               
08001df8  __TI_cleanup_ptr                    
08001dfc  __TI_dtors_ptr                      
08001e00  __TI_enable_exit_profile_output     
08001e08  errno                               
ffffffff  __TI_pprof_out_hndl                 
ffffffff  __TI_prof_data_size                 
ffffffff  __TI_prof_data_start                
ffffffff  __binit__                           
ffffffff  __c_args__                          
ffffffff  binit                               
UNDEFED   SHT$$INIT_ARRAY$$Base               
UNDEFED   SHT$$INIT_ARRAY$$Limit              

[325 symbols]
